Archive member included to satisfy reference by file (symbol)

/opt/st/stm32cubeide_1.0.2/plugins/com.st.stm32cube.ide.mcu.externaltools.gnu-tools-for-stm32.7-2018-q2-update.linux64_1.0.0.201904181610/tools/bin/../lib/gcc/arm-none-eabi/7.3.1/../../../../arm-none-eabi/lib/thumb/v7-m/libc_nano.a(lib_a-errno.o)
                              Src/syscalls.o (__errno)
/opt/st/stm32cubeide_1.0.2/plugins/com.st.stm32cube.ide.mcu.externaltools.gnu-tools-for-stm32.7-2018-q2-update.linux64_1.0.0.201904181610/tools/bin/../lib/gcc/arm-none-eabi/7.3.1/../../../../arm-none-eabi/lib/thumb/v7-m/libc_nano.a(lib_a-exit.o)
                              /opt/st/stm32cubeide_1.0.2/plugins/com.st.stm32cube.ide.mcu.externaltools.gnu-tools-for-stm32.7-2018-q2-update.linux64_1.0.0.201904181610/tools/bin/../lib/gcc/arm-none-eabi/7.3.1/../../../../arm-none-eabi/lib/thumb/v7-m/crt0.o (exit)
/opt/st/stm32cubeide_1.0.2/plugins/com.st.stm32cube.ide.mcu.externaltools.gnu-tools-for-stm32.7-2018-q2-update.linux64_1.0.0.201904181610/tools/bin/../lib/gcc/arm-none-eabi/7.3.1/../../../../arm-none-eabi/lib/thumb/v7-m/libc_nano.a(lib_a-impure.o)
                              /opt/st/stm32cubeide_1.0.2/plugins/com.st.stm32cube.ide.mcu.externaltools.gnu-tools-for-stm32.7-2018-q2-update.linux64_1.0.0.201904181610/tools/bin/../lib/gcc/arm-none-eabi/7.3.1/../../../../arm-none-eabi/lib/thumb/v7-m/libc_nano.a(lib_a-exit.o) (_global_impure_ptr)
/opt/st/stm32cubeide_1.0.2/plugins/com.st.stm32cube.ide.mcu.externaltools.gnu-tools-for-stm32.7-2018-q2-update.linux64_1.0.0.201904181610/tools/bin/../lib/gcc/arm-none-eabi/7.3.1/../../../../arm-none-eabi/lib/thumb/v7-m/libc_nano.a(lib_a-init.o)
                              /opt/st/stm32cubeide_1.0.2/plugins/com.st.stm32cube.ide.mcu.externaltools.gnu-tools-for-stm32.7-2018-q2-update.linux64_1.0.0.201904181610/tools/bin/../lib/gcc/arm-none-eabi/7.3.1/../../../../arm-none-eabi/lib/thumb/v7-m/crt0.o (__libc_init_array)
/opt/st/stm32cubeide_1.0.2/plugins/com.st.stm32cube.ide.mcu.externaltools.gnu-tools-for-stm32.7-2018-q2-update.linux64_1.0.0.201904181610/tools/bin/../lib/gcc/arm-none-eabi/7.3.1/../../../../arm-none-eabi/lib/thumb/v7-m/libc_nano.a(lib_a-memset.o)
                              /opt/st/stm32cubeide_1.0.2/plugins/com.st.stm32cube.ide.mcu.externaltools.gnu-tools-for-stm32.7-2018-q2-update.linux64_1.0.0.201904181610/tools/bin/../lib/gcc/arm-none-eabi/7.3.1/../../../../arm-none-eabi/lib/thumb/v7-m/crt0.o (memset)

Allocating common symbols
Common symbol       size              file

uwTick              0x4               Drivers/STM32L1xx_HAL_Driver/stm32l1xx_hal.o
pFlash              0x18              Drivers/STM32L1xx_HAL_Driver/stm32l1xx_hal_flash.o

Discarded input sections

 .text          0x0000000000000000        0x0 /opt/st/stm32cubeide_1.0.2/plugins/com.st.stm32cube.ide.mcu.externaltools.gnu-tools-for-stm32.7-2018-q2-update.linux64_1.0.0.201904181610/tools/bin/../lib/gcc/arm-none-eabi/7.3.1/thumb/v7-m/crti.o
 .data          0x0000000000000000        0x0 /opt/st/stm32cubeide_1.0.2/plugins/com.st.stm32cube.ide.mcu.externaltools.gnu-tools-for-stm32.7-2018-q2-update.linux64_1.0.0.201904181610/tools/bin/../lib/gcc/arm-none-eabi/7.3.1/thumb/v7-m/crti.o
 .bss           0x0000000000000000        0x0 /opt/st/stm32cubeide_1.0.2/plugins/com.st.stm32cube.ide.mcu.externaltools.gnu-tools-for-stm32.7-2018-q2-update.linux64_1.0.0.201904181610/tools/bin/../lib/gcc/arm-none-eabi/7.3.1/thumb/v7-m/crti.o
 .data          0x0000000000000000        0x4 /opt/st/stm32cubeide_1.0.2/plugins/com.st.stm32cube.ide.mcu.externaltools.gnu-tools-for-stm32.7-2018-q2-update.linux64_1.0.0.201904181610/tools/bin/../lib/gcc/arm-none-eabi/7.3.1/thumb/v7-m/crtbegin.o
 .text          0x0000000000000000       0x74 /opt/st/stm32cubeide_1.0.2/plugins/com.st.stm32cube.ide.mcu.externaltools.gnu-tools-for-stm32.7-2018-q2-update.linux64_1.0.0.201904181610/tools/bin/../lib/gcc/arm-none-eabi/7.3.1/../../../../arm-none-eabi/lib/thumb/v7-m/crt0.o
 .data          0x0000000000000000        0x0 /opt/st/stm32cubeide_1.0.2/plugins/com.st.stm32cube.ide.mcu.externaltools.gnu-tools-for-stm32.7-2018-q2-update.linux64_1.0.0.201904181610/tools/bin/../lib/gcc/arm-none-eabi/7.3.1/../../../../arm-none-eabi/lib/thumb/v7-m/crt0.o
 .bss           0x0000000000000000        0x0 /opt/st/stm32cubeide_1.0.2/plugins/com.st.stm32cube.ide.mcu.externaltools.gnu-tools-for-stm32.7-2018-q2-update.linux64_1.0.0.201904181610/tools/bin/../lib/gcc/arm-none-eabi/7.3.1/../../../../arm-none-eabi/lib/thumb/v7-m/crt0.o
 .ARM.extab     0x0000000000000000        0x0 /opt/st/stm32cubeide_1.0.2/plugins/com.st.stm32cube.ide.mcu.externaltools.gnu-tools-for-stm32.7-2018-q2-update.linux64_1.0.0.201904181610/tools/bin/../lib/gcc/arm-none-eabi/7.3.1/../../../../arm-none-eabi/lib/thumb/v7-m/crt0.o
[...]
Memory Configuration

Name             Origin             Length             Attributes
RAM              0x0000000020000000 0x0000000000004000 xrw
FLASH            0x0000000008000000 0x0000000000020000 xr
*default*        0x0000000000000000 0xffffffffffffffff

Linker script and memory map

LOAD /opt/st/stm32cubeide_1.0.2/plugins/com.st.stm32cube.ide.mcu.externaltools.gnu-tools-for-stm32.7-2018-q2-update.linux64_1.0.0.201904181610/tools/bin/../lib/gcc/arm-none-eabi/7.3.1/thumb/v7-m/crti.o
LOAD /opt/st/stm32cubeide_1.0.2/plugins/com.st.stm32cube.ide.mcu.externaltools.gnu-tools-for-stm32.7-2018-q2-update.linux64_1.0.0.201904181610/tools/bin/../lib/gcc/arm-none-eabi/7.3.1/thumb/v7-m/crtbegin.o
LOAD /opt/st/stm32cubeide_1.0.2/plugins/com.st.stm32cube.ide.mcu.externaltools.gnu-tools-for-stm32.7-2018-q2-update.linux64_1.0.0.201904181610/tools/bin/../lib/gcc/arm-none-eabi/7.3.1/../../../../arm-none-eabi/lib/thumb/v7-m/crt0.o
LOAD Drivers/STM32L1xx_HAL_Driver/stm32l1xx_hal.o
LOAD Drivers/STM32L1xx_HAL_Driver/stm32l1xx_hal_cortex.o
LOAD Drivers/STM32L1xx_HAL_Driver/stm32l1xx_hal_dma.o
LOAD Drivers/STM32L1xx_HAL_Driver/stm32l1xx_hal_flash.o
LOAD Drivers/STM32L1xx_HAL_Driver/stm32l1xx_hal_flash_ex.o
LOAD Drivers/STM32L1xx_HAL_Driver/stm32l1xx_hal_flash_ramfunc.o
LOAD Drivers/STM32L1xx_HAL_Driver/stm32l1xx_hal_gpio.o
LOAD Drivers/STM32L1xx_HAL_Driver/stm32l1xx_hal_pwr.o
LOAD Drivers/STM32L1xx_HAL_Driver/stm32l1xx_hal_pwr_ex.o
LOAD Drivers/STM32L1xx_HAL_Driver/stm32l1xx_hal_rcc.o
LOAD Drivers/STM32L1xx_HAL_Driver/stm32l1xx_hal_rcc_ex.o
LOAD Drivers/STM32L1xx_HAL_Driver/stm32l1xx_hal_tim.o
LOAD Drivers/STM32L1xx_HAL_Driver/stm32l1xx_hal_tim_ex.o
LOAD Src/main.o
LOAD Src/stm32l1xx_hal_msp.o
LOAD Src/stm32l1xx_it.o
LOAD Src/syscalls.o
LOAD Src/sysmem.o
LOAD Src/system_stm32l1xx.o
LOAD Startup/startup_stm32l152rbtx.o
START GROUP
LOAD /opt/st/stm32cubeide_1.0.2/plugins/com.st.stm32cube.ide.mcu.externaltools.gnu-tools-for-stm32.7-2018-q2-update.linux64_1.0.0.201904181610/tools/bin/../lib/gcc/arm-none-eabi/7.3.1/../../../../arm-none-eabi/lib/thumb/v7-m/libc_nano.a
LOAD /opt/st/stm32cubeide_1.0.2/plugins/com.st.stm32cube.ide.mcu.externaltools.gnu-tools-for-stm32.7-2018-q2-update.linux64_1.0.0.201904181610/tools/bin/../lib/gcc/arm-none-eabi/7.3.1/../../../../arm-none-eabi/lib/thumb/v7-m/libm.a
END GROUP
START GROUP
LOAD /opt/st/stm32cubeide_1.0.2/plugins/com.st.stm32cube.ide.mcu.externaltools.gnu-tools-for-stm32.7-2018-q2-update.linux64_1.0.0.201904181610/tools/bin/../lib/gcc/arm-none-eabi/7.3.1/thumb/v7-m/libgcc.a
LOAD /opt/st/stm32cubeide_1.0.2/plugins/com.st.stm32cube.ide.mcu.externaltools.gnu-tools-for-stm32.7-2018-q2-update.linux64_1.0.0.201904181610/tools/bin/../lib/gcc/arm-none-eabi/7.3.1/../../../../arm-none-eabi/lib/thumb/v7-m/libc_nano.a
END GROUP
START GROUP
LOAD /opt/st/stm32cubeide_1.0.2/plugins/com.st.stm32cube.ide.mcu.externaltools.gnu-tools-for-stm32.7-2018-q2-update.linux64_1.0.0.201904181610/tools/bin/../lib/gcc/arm-none-eabi/7.3.1/thumb/v7-m/libgcc.a
LOAD /opt/st/stm32cubeide_1.0.2/plugins/com.st.stm32cube.ide.mcu.externaltools.gnu-tools-for-stm32.7-2018-q2-update.linux64_1.0.0.201904181610/tools/bin/../lib/gcc/arm-none-eabi/7.3.1/../../../../arm-none-eabi/lib/thumb/v7-m/libc_nano.a
LOAD /opt/st/stm32cubeide_1.0.2/plugins/com.st.stm32cube.ide.mcu.externaltools.gnu-tools-for-stm32.7-2018-q2-update.linux64_1.0.0.201904181610/tools/bin/../lib/gcc/arm-none-eabi/7.3.1/../../../../arm-none-eabi/lib/thumb/v7-m/libnosys.a
END GROUP
START GROUP
LOAD /opt/st/stm32cubeide_1.0.2/plugins/com.st.stm32cube.ide.mcu.externaltools.gnu-tools-for-stm32.7-2018-q2-update.linux64_1.0.0.201904181610/tools/bin/../lib/gcc/arm-none-eabi/7.3.1/thumb/v7-m/libgcc.a
LOAD /opt/st/stm32cubeide_1.0.2/plugins/com.st.stm32cube.ide.mcu.externaltools.gnu-tools-for-stm32.7-2018-q2-update.linux64_1.0.0.201904181610/tools/bin/../lib/gcc/arm-none-eabi/7.3.1/../../../../arm-none-eabi/lib/thumb/v7-m/libc_nano.a
LOAD /opt/st/stm32cubeide_1.0.2/plugins/com.st.stm32cube.ide.mcu.externaltools.gnu-tools-for-stm32.7-2018-q2-update.linux64_1.0.0.201904181610/tools/bin/../lib/gcc/arm-none-eabi/7.3.1/../../../../arm-none-eabi/lib/thumb/v7-m/libnosys.a
END GROUP
LOAD /opt/st/stm32cubeide_1.0.2/plugins/com.st.stm32cube.ide.mcu.externaltools.gnu-tools-for-stm32.7-2018-q2-update.linux64_1.0.0.201904181610/tools/bin/../lib/gcc/arm-none-eabi/7.3.1/thumb/v7-m/crtend.o
LOAD /opt/st/stm32cubeide_1.0.2/plugins/com.st.stm32cube.ide.mcu.externaltools.gnu-tools-for-stm32.7-2018-q2-update.linux64_1.0.0.201904181610/tools/bin/../lib/gcc/arm-none-eabi/7.3.1/thumb/v7-m/crtn.o
                0x0000000020004000                _estack = 0x20004000
                0x0000000000000200                _Min_Heap_Size = 0x200
                0x0000000000000400                _Min_Stack_Size = 0x400

.isr_vector     0x0000000008000000      0x13c
                0x0000000008000000                . = ALIGN (0x4)
 *(.isr_vector)
 .isr_vector    0x0000000008000000      0x13c Startup/startup_stm32l152rbtx.o
                0x0000000008000000                g_pfnVectors
                0x000000000800013c                . = ALIGN (0x4)

.text           0x000000000800013c     0x1484
                0x000000000800013c                . = ALIGN (0x4)
 *(.text)
 .text          0x000000000800013c       0x40 /opt/st/stm32cubeide_1.0.2/plugins/com.st.stm32cube.ide.mcu.externaltools.gnu-tools-for-stm32.7-2018-q2-update.linux64_1.0.0.201904181610/tools/bin/../lib/gcc/arm-none-eabi/7.3.1/thumb/v7-m/crtbegin.o
 *(.text*)
 .text.HAL_Init
                0x000000000800017c       0x30 Drivers/STM32L1xx_HAL_Driver/stm32l1xx_hal.o
                0x000000000800017c                HAL_Init
 .text.HAL_InitTick
                0x00000000080001ac       0x74 Drivers/STM32L1xx_HAL_Driver/stm32l1xx_hal.o
                0x00000000080001ac                HAL_InitTick
 .text.HAL_IncTick
                0x0000000008000220       0x24 Drivers/STM32L1xx_HAL_Driver/stm32l1xx_hal.o
                0x0000000008000220                HAL_IncTick
 .text.HAL_GetTick
                0x0000000008000244       0x14 Drivers/STM32L1xx_HAL_Driver/stm32l1xx_hal.o
                0x0000000008000244                HAL_GetTick
 .text.__NVIC_SetPriorityGrouping
                0x0000000008000258       0x48 Drivers/STM32L1xx_HAL_Driver/stm32l1xx_hal_cortex.o
 .text.__NVIC_GetPriorityGrouping
                0x00000000080002a0       0x1c Drivers/STM32L1xx_HAL_Driver/stm32l1xx_hal_cortex.o
 .text.__NVIC_SetPriority
                0x00000000080002bc       0x54 Drivers/STM32L1xx_HAL_Driver/stm32l1xx_hal_cortex.o
 .text.NVIC_EncodePriority
                0x0000000008000310       0x64 Drivers/STM32L1xx_HAL_Driver/stm32l1xx_hal_cortex.o
 .text.SysTick_Config
                0x0000000008000374       0x44 Drivers/STM32L1xx_HAL_Driver/stm32l1xx_hal_cortex.o
 .text.HAL_NVIC_SetPriorityGrouping
                0x00000000080003b8       0x16 Drivers/STM32L1xx_HAL_Driver/stm32l1xx_hal_cortex.o
                0x00000000080003b8                HAL_NVIC_SetPriorityGrouping
 .text.HAL_NVIC_SetPriority
                0x00000000080003ce       0x38 Drivers/STM32L1xx_HAL_Driver/stm32l1xx_hal_cortex.o
                0x00000000080003ce                HAL_NVIC_SetPriority
 .text.HAL_SYSTICK_Config
                0x0000000008000406       0x18 Drivers/STM32L1xx_HAL_Driver/stm32l1xx_hal_cortex.o
                0x0000000008000406                HAL_SYSTICK_Config
 *fill*         0x000000000800041e        0x2 
 .text.HAL_GPIO_Init
                0x0000000008000420      0x2fc Drivers/STM32L1xx_HAL_Driver/stm32l1xx_hal_gpio.o
                0x0000000008000420                HAL_GPIO_Init
 .text.HAL_GPIO_WritePin
                0x000000000800071c       0x30 Drivers/STM32L1xx_HAL_Driver/stm32l1xx_hal_gpio.o
                0x000000000800071c                HAL_GPIO_WritePin
 .text.HAL_RCC_OscConfig
                0x000000000800074c      0x660 Drivers/STM32L1xx_HAL_Driver/stm32l1xx_hal_rcc.o
                0x000000000800074c                HAL_RCC_OscConfig
 .text.HAL_RCC_ClockConfig
                0x0000000008000dac      0x268 Drivers/STM32L1xx_HAL_Driver/stm32l1xx_hal_rcc.o
                0x0000000008000dac                HAL_RCC_ClockConfig
 .text.HAL_RCC_GetSysClockFreq
                0x0000000008001014       0xb0 Drivers/STM32L1xx_HAL_Driver/stm32l1xx_hal_rcc.o
                0x0000000008001014                HAL_RCC_GetSysClockFreq
 .text.RCC_SetFlashLatencyFromMSIRange
                0x00000000080010c4       0xc0 Drivers/STM32L1xx_HAL_Driver/stm32l1xx_hal_rcc.o
 .text.main     0x0000000008001184       0x12 Src/main.o
                0x0000000008001184                main
 *fill*         0x0000000008001196        0x2 
 .text.SystemClock_Config
                0x0000000008001198       0x9c Src/main.o
                0x0000000008001198                SystemClock_Config
 .text.MX_GPIO_Init
                0x0000000008001234      0x1a8 Src/main.o
 .text.Error_Handler
                0x00000000080013dc        0xc Src/main.o
                0x00000000080013dc                Error_Handler
 .text.HAL_MspInit
                0x00000000080013e8       0x60 Src/stm32l1xx_hal_msp.o
                0x00000000080013e8                HAL_MspInit
 .text.NMI_Handler
                0x0000000008001448        0xc Src/stm32l1xx_it.o
                0x0000000008001448                NMI_Handler
 .text.HardFault_Handler
                0x0000000008001454        0x6 Src/stm32l1xx_it.o
                0x0000000008001454                HardFault_Handler
 .text.MemManage_Handler
                0x000000000800145a        0x6 Src/stm32l1xx_it.o
                0x000000000800145a                MemManage_Handler
 .text.BusFault_Handler
                0x0000000008001460        0x6 Src/stm32l1xx_it.o
                0x0000000008001460                BusFault_Handler
 .text.UsageFault_Handler
                0x0000000008001466        0x6 Src/stm32l1xx_it.o
                0x0000000008001466                UsageFault_Handler
 .text.SVC_Handler
                0x000000000800146c        0xc Src/stm32l1xx_it.o
                0x000000000800146c                SVC_Handler
 .text.DebugMon_Handler
                0x0000000008001478        0xc Src/stm32l1xx_it.o
                0x0000000008001478                DebugMon_Handler
 .text.PendSV_Handler
                0x0000000008001484        0xc Src/stm32l1xx_it.o
                0x0000000008001484                PendSV_Handler
 .text.SysTick_Handler
                0x0000000008001490        0xc Src/stm32l1xx_it.o
                0x0000000008001490                SysTick_Handler
 .text.SystemInit
                0x000000000800149c       0x68 Src/system_stm32l1xx.o
                0x000000000800149c                SystemInit
 .text.Reset_Handler
                0x0000000008001504       0x48 Startup/startup_stm32l152rbtx.o
                0x0000000008001504                Reset_Handler
 .text.Default_Handler
                0x000000000800154c        0x2 Startup/startup_stm32l152rbtx.o
                0x000000000800154c                RTC_Alarm_IRQHandler
                0x000000000800154c                EXTI2_IRQHandler
                0x000000000800154c                TIM10_IRQHandler
                0x000000000800154c                USB_HP_IRQHandler
                0x000000000800154c                TIM6_IRQHandler
                0x000000000800154c                PVD_IRQHandler
                0x000000000800154c                EXTI3_IRQHandler
                0x000000000800154c                EXTI0_IRQHandler
                0x000000000800154c                I2C2_EV_IRQHandler
                0x000000000800154c                SPI1_IRQHandler
                0x000000000800154c                USB_FS_WKUP_IRQHandler
                0x000000000800154c                DMA1_Channel4_IRQHandler
                0x000000000800154c                ADC1_IRQHandler
                0x000000000800154c                USART3_IRQHandler
                0x000000000800154c                DMA1_Channel7_IRQHandler
                0x000000000800154c                LCD_IRQHandler
                0x000000000800154c                TIM4_IRQHandler
                0x000000000800154c                I2C1_EV_IRQHandler
                0x000000000800154c                DMA1_Channel6_IRQHandler
                0x000000000800154c                TIM3_IRQHandler
                0x000000000800154c                RCC_IRQHandler
                0x000000000800154c                DMA1_Channel1_IRQHandler
                0x000000000800154c                Default_Handler
                0x000000000800154c                EXTI15_10_IRQHandler
                0x000000000800154c                TIM7_IRQHandler
                0x000000000800154c                EXTI9_5_IRQHandler
                0x000000000800154c                TIM9_IRQHandler
                0x000000000800154c                TAMPER_STAMP_IRQHandler
                0x000000000800154c                RTC_WKUP_IRQHandler
                0x000000000800154c                SPI2_IRQHandler
                0x000000000800154c                DMA1_Channel5_IRQHandler
                0x000000000800154c                USB_LP_IRQHandler
                0x000000000800154c                EXTI4_IRQHandler
                0x000000000800154c                DMA1_Channel3_IRQHandler
                0x000000000800154c                COMP_IRQHandler
                0x000000000800154c                WWDG_IRQHandler
                0x000000000800154c                TIM2_IRQHandler
                0x000000000800154c                DAC_IRQHandler
                0x000000000800154c                EXTI1_IRQHandler
                0x000000000800154c                TIM11_IRQHandler
                0x000000000800154c                USART2_IRQHandler
                0x000000000800154c                I2C2_ER_IRQHandler
                0x000000000800154c                DMA1_Channel2_IRQHandler
                0x000000000800154c                FLASH_IRQHandler
                0x000000000800154c                USART1_IRQHandler
                0x000000000800154c                I2C1_ER_IRQHandler
 *fill*         0x000000000800154e        0x2 
 .text.__libc_init_array
                0x0000000008001550       0x48 /opt/st/stm32cubeide_1.0.2/plugins/com.st.stm32cube.ide.mcu.externaltools.gnu-tools-for-stm32.7-2018-q2-update.linux64_1.0.0.201904181610/tools/bin/../lib/gcc/arm-none-eabi/7.3.1/../../../../arm-none-eabi/lib/thumb/v7-m/libc_nano.a(lib_a-init.o)
                0x0000000008001550                __libc_init_array
 .text.memset   0x0000000008001598       0x10 /opt/st/stm32cubeide_1.0.2/plugins/com.st.stm32cube.ide.mcu.externaltools.gnu-tools-for-stm32.7-2018-q2-update.linux64_1.0.0.201904181610/tools/bin/../lib/gcc/arm-none-eabi/7.3.1/../../../../arm-none-eabi/lib/thumb/v7-m/libc_nano.a(lib_a-memset.o)
                0x0000000008001598                memset
 *(.glue_7)
 .glue_7        0x00000000080015a8        0x0 linker stubs
 *(.glue_7t)
 .glue_7t       0x00000000080015a8        0x0 linker stubs
 *(.eh_frame)
 .eh_frame      0x00000000080015a8        0x0 /opt/st/stm32cubeide_1.0.2/plugins/com.st.stm32cube.ide.mcu.externaltools.gnu-tools-for-stm32.7-2018-q2-update.linux64_1.0.0.201904181610/tools/bin/../lib/gcc/arm-none-eabi/7.3.1/thumb/v7-m/crtbegin.o
 *(.init)
 .init          0x00000000080015a8        0x4 /opt/st/stm32cubeide_1.0.2/plugins/com.st.stm32cube.ide.mcu.externaltools.gnu-tools-for-stm32.7-2018-q2-update.linux64_1.0.0.201904181610/tools/bin/../lib/gcc/arm-none-eabi/7.3.1/thumb/v7-m/crti.o
                0x00000000080015a8                _init
 .init          0x00000000080015ac        0x8 /opt/st/stm32cubeide_1.0.2/plugins/com.st.stm32cube.ide.mcu.externaltools.gnu-tools-for-stm32.7-2018-q2-update.linux64_1.0.0.201904181610/tools/bin/../lib/gcc/arm-none-eabi/7.3.1/thumb/v7-m/crtn.o
 *(.fini)
 .fini          0x00000000080015b4        0x4 /opt/st/stm32cubeide_1.0.2/plugins/com.st.stm32cube.ide.mcu.externaltools.gnu-tools-for-stm32.7-2018-q2-update.linux64_1.0.0.201904181610/tools/bin/../lib/gcc/arm-none-eabi/7.3.1/thumb/v7-m/crti.o
                0x00000000080015b4                _fini
 .fini          0x00000000080015b8        0x8 /opt/st/stm32cubeide_1.0.2/plugins/com.st.stm32cube.ide.mcu.externaltools.gnu-tools-for-stm32.7-2018-q2-update.linux64_1.0.0.201904181610/tools/bin/../lib/gcc/arm-none-eabi/7.3.1/thumb/v7-m/crtn.o
                0x00000000080015c0                . = ALIGN (0x4)
                0x00000000080015c0                _etext = .

.vfp11_veneer   0x00000000080015c0        0x0
 .vfp11_veneer  0x00000000080015c0        0x0 linker stubs

.v4_bx          0x00000000080015c0        0x0
 .v4_bx         0x00000000080015c0        0x0 linker stubs

.iplt           0x00000000080015c0        0x0
 .iplt          0x00000000080015c0        0x0 /opt/st/stm32cubeide_1.0.2/plugins/com.st.stm32cube.ide.mcu.externaltools.gnu-tools-for-stm32.7-2018-q2-update.linux64_1.0.0.201904181610/tools/bin/../lib/gcc/arm-none-eabi/7.3.1/thumb/v7-m/crtbegin.o

.rodata         0x00000000080015c0       0x1c
                0x00000000080015c0                . = ALIGN (0x4)
 *(.rodata)
 *(.rodata*)
 .rodata.PLLMulTable
                0x00000000080015c0        0x9 Src/system_stm32l1xx.o
                0x00000000080015c0                PLLMulTable
 *fill*         0x00000000080015c9        0x3 
 .rodata.AHBPrescTable
                0x00000000080015cc       0x10 Src/system_stm32l1xx.o
                0x00000000080015cc                AHBPrescTable
                0x00000000080015dc                . = ALIGN (0x4)

.rel.dyn        0x00000000080015dc        0x0
 .rel.iplt      0x00000000080015dc        0x0 /opt/st/stm32cubeide_1.0.2/plugins/com.st.stm32cube.ide.mcu.externaltools.gnu-tools-for-stm32.7-2018-q2-update.linux64_1.0.0.201904181610/tools/bin/../lib/gcc/arm-none-eabi/7.3.1/thumb/v7-m/crtbegin.o

.ARM.extab      0x00000000080015dc        0x0
                0x00000000080015dc                . = ALIGN (0x4)
 *(.ARM.extab* .gnu.linkonce.armextab.*)
                0x00000000080015dc                . = ALIGN (0x4)

.ARM            0x00000000080015dc        0x0
                0x00000000080015dc                . = ALIGN (0x4)
                0x00000000080015dc                __exidx_start = .
 *(.ARM.exidx*)
                0x00000000080015dc                __exidx_end = .
                0x00000000080015dc                . = ALIGN (0x4)

.preinit_array  0x00000000080015dc        0x0
                0x00000000080015dc                . = ALIGN (0x4)
                0x00000000080015dc                PROVIDE (__preinit_array_start = .)
 *(.preinit_array*)
                0x00000000080015dc                PROVIDE (__preinit_array_end = .)
                0x00000000080015dc                . = ALIGN (0x4)

.init_array     0x00000000080015dc        0x4
                0x00000000080015dc                . = ALIGN (0x4)
                0x00000000080015dc                PROVIDE (__init_array_start = .)
 *(SORT_BY_NAME(.init_array.*))
 *(.init_array*)
 .init_array    0x00000000080015dc        0x4 /opt/st/stm32cubeide_1.0.2/plugins/com.st.stm32cube.ide.mcu.externaltools.gnu-tools-for-stm32.7-2018-q2-update.linux64_1.0.0.201904181610/tools/bin/../lib/gcc/arm-none-eabi/7.3.1/thumb/v7-m/crtbegin.o
                0x00000000080015e0                PROVIDE (__init_array_end = .)
                0x00000000080015e0                . = ALIGN (0x4)

.fini_array     0x00000000080015e0        0x4
                0x00000000080015e0                . = ALIGN (0x4)
                [!provide]                        PROVIDE (__fini_array_start = .)
 *(SORT_BY_NAME(.fini_array.*))
 *(.fini_array*)
 .fini_array    0x00000000080015e0        0x4 /opt/st/stm32cubeide_1.0.2/plugins/com.st.stm32cube.ide.mcu.externaltools.gnu-tools-for-stm32.7-2018-q2-update.linux64_1.0.0.201904181610/tools/bin/../lib/gcc/arm-none-eabi/7.3.1/thumb/v7-m/crtbegin.o
                [!provide]                        PROVIDE (__fini_array_end = .)
                0x00000000080015e4                . = ALIGN (0x4)
                0x00000000080015e4                _sidata = LOADADDR (.data)

.data           0x0000000020000000        0xc load address 0x00000000080015e4
                0x0000000020000000                . = ALIGN (0x4)
                0x0000000020000000                _sdata = .
 *(.data)
 *(.data*)
 .data.uwTickPrio
                0x0000000020000000        0x4 Drivers/STM32L1xx_HAL_Driver/stm32l1xx_hal.o
                0x0000000020000000                uwTickPrio
 .data.uwTickFreq
                0x0000000020000004        0x4 Drivers/STM32L1xx_HAL_Driver/stm32l1xx_hal.o
                0x0000000020000004                uwTickFreq
 .data.SystemCoreClock
                0x0000000020000008        0x4 Src/system_stm32l1xx.o
                0x0000000020000008                SystemCoreClock
                0x000000002000000c                . = ALIGN (0x4)
                0x000000002000000c                _edata = .

.igot.plt       0x000000002000000c        0x0 load address 0x00000000080015f0
 .igot.plt      0x000000002000000c        0x0 /opt/st/stm32cubeide_1.0.2/plugins/com.st.stm32cube.ide.mcu.externaltools.gnu-tools-for-stm32.7-2018-q2-update.linux64_1.0.0.201904181610/tools/bin/../lib/gcc/arm-none-eabi/7.3.1/thumb/v7-m/crtbegin.o
                0x000000002000000c                . = ALIGN (0x4)

.bss            0x000000002000000c       0x20 load address 0x00000000080015f0
                0x000000002000000c                _sbss = .
                0x000000002000000c                __bss_start__ = _sbss
 *(.bss)
 .bss           0x000000002000000c       0x1c /opt/st/stm32cubeide_1.0.2/plugins/com.st.stm32cube.ide.mcu.externaltools.gnu-tools-for-stm32.7-2018-q2-update.linux64_1.0.0.201904181610/tools/bin/../lib/gcc/arm-none-eabi/7.3.1/thumb/v7-m/crtbegin.o
 *(.bss*)
 *(COMMON)
 COMMON         0x0000000020000028        0x4 Drivers/STM32L1xx_HAL_Driver/stm32l1xx_hal.o
                0x0000000020000028                uwTick
                0x000000002000002c                . = ALIGN (0x4)
                0x000000002000002c                _ebss = .
                0x000000002000002c                __bss_end__ = _ebss

._user_heap_stack
                0x000000002000002c      0x604 load address 0x00000000080015f0
                0x0000000020000030                . = ALIGN (0x8)
 *fill*         0x000000002000002c        0x4 
                0x0000000020000030                PROVIDE (end = .)
                [!provide]                        PROVIDE (_end = .)
                0x0000000020000230                . = (. + _Min_Heap_Size)
 *fill*         0x0000000020000030      0x200 
                0x0000000020000630                . = (. + _Min_Stack_Size)
 *fill*         0x0000000020000230      0x400 
                0x0000000020000630                . = ALIGN (0x8)

/DISCARD/
 libc.a(*)
 libm.a(*)
 libgcc.a(*)

.ARM.attributes
                0x0000000000000000       0x29
 *(.ARM.attributes)
 .ARM.attributes
                0x0000000000000000       0x1d /opt/st/stm32cubeide_1.0.2/plugins/com.st.stm32cube.ide.mcu.externaltools.gnu-tools-for-stm32.7-2018-q2-update.linux64_1.0.0.201904181610/tools/bin/../lib/gcc/arm-none-eabi/7.3.1/thumb/v7-m/crti.o
 .ARM.attributes
                0x000000000000001d       0x2d /opt/st/stm32cubeide_1.0.2/plugins/com.st.stm32cube.ide.mcu.externaltools.gnu-tools-for-stm32.7-2018-q2-update.linux64_1.0.0.201904181610/tools/bin/../lib/gcc/arm-none-eabi/7.3.1/thumb/v7-m/crtbegin.o
 .ARM.attributes
                0x000000000000004a       0x33 Drivers/STM32L1xx_HAL_Driver/stm32l1xx_hal.o
 .ARM.attributes
                0x000000000000007d       0x33 Drivers/STM32L1xx_HAL_Driver/stm32l1xx_hal_cortex.o
 .ARM.attributes
                0x00000000000000b0       0x33 Drivers/STM32L1xx_HAL_Driver/stm32l1xx_hal_gpio.o
 .ARM.attributes
                0x00000000000000e3       0x33 Drivers/STM32L1xx_HAL_Driver/stm32l1xx_hal_rcc.o
 .ARM.attributes
                0x0000000000000116       0x33 Src/main.o
 .ARM.attributes
                0x0000000000000149       0x33 Src/stm32l1xx_hal_msp.o
 .ARM.attributes
                0x000000000000017c       0x33 Src/stm32l1xx_it.o
 .ARM.attributes
                0x00000000000001af       0x33 Src/system_stm32l1xx.o
 .ARM.attributes
                0x00000000000001e2       0x21 Startup/startup_stm32l152rbtx.o
 .ARM.attributes
                0x0000000000000203       0x2d /opt/st/stm32cubeide_1.0.2/plugins/com.st.stm32cube.ide.mcu.externaltools.gnu-tools-for-stm32.7-2018-q2-update.linux64_1.0.0.201904181610/tools/bin/../lib/gcc/arm-none-eabi/7.3.1/../../../../arm-none-eabi/lib/thumb/v7-m/libc_nano.a(lib_a-init.o)
 .ARM.attributes
                0x0000000000000230       0x2d /opt/st/stm32cubeide_1.0.2/plugins/com.st.stm32cube.ide.mcu.externaltools.gnu-tools-for-stm32.7-2018-q2-update.linux64_1.0.0.201904181610/tools/bin/../lib/gcc/arm-none-eabi/7.3.1/../../../../arm-none-eabi/lib/thumb/v7-m/libc_nano.a(lib_a-memset.o)
 .ARM.attributes
                0x000000000000025d       0x1d /opt/st/stm32cubeide_1.0.2/plugins/com.st.stm32cube.ide.mcu.externaltools.gnu-tools-for-stm32.7-2018-q2-update.linux64_1.0.0.201904181610/tools/bin/../lib/gcc/arm-none-eabi/7.3.1/thumb/v7-m/crtn.o
OUTPUT(Project.elf elf32-littlearm)

.debug_info     0x0000000000000000     0x3262
 .debug_info    0x0000000000000000      0x6e0 Drivers/STM32L1xx_HAL_Driver/stm32l1xx_hal.o
 .debug_info    0x00000000000006e0      0xd48 Drivers/STM32L1xx_HAL_Driver/stm32l1xx_hal_cortex.o
 .debug_info    0x0000000000001428      0x690 Drivers/STM32L1xx_HAL_Driver/stm32l1xx_hal_gpio.o
 .debug_info    0x0000000000001ab8      0x8e8 Drivers/STM32L1xx_HAL_Driver/stm32l1xx_hal_rcc.o
 .debug_info    0x00000000000023a0      0x5a1 Src/main.o
 .debug_info    0x0000000000002941      0x290 Src/stm32l1xx_hal_msp.o
 .debug_info    0x0000000000002bd1      0x1fc Src/stm32l1xx_it.o
 .debug_info    0x0000000000002dcd      0x473 Src/system_stm32l1xx.o
 .debug_info    0x0000000000003240       0x22 Startup/startup_stm32l152rbtx.o

.debug_abbrev   0x0000000000000000      0xd70
 .debug_abbrev  0x0000000000000000      0x21b Drivers/STM32L1xx_HAL_Driver/stm32l1xx_hal.o
 .debug_abbrev  0x000000000000021b      0x2fa Drivers/STM32L1xx_HAL_Driver/stm32l1xx_hal_cortex.o
 .debug_abbrev  0x0000000000000515      0x1c9 Drivers/STM32L1xx_HAL_Driver/stm32l1xx_hal_gpio.o
 .debug_abbrev  0x00000000000006de      0x254 Drivers/STM32L1xx_HAL_Driver/stm32l1xx_hal_rcc.o
 .debug_abbrev  0x0000000000000932      0x180 Src/main.o
 .debug_abbrev  0x0000000000000ab2       0xef Src/stm32l1xx_hal_msp.o
 .debug_abbrev  0x0000000000000ba1       0xac Src/stm32l1xx_it.o
 .debug_abbrev  0x0000000000000c4d      0x111 Src/system_stm32l1xx.o
 .debug_abbrev  0x0000000000000d5e       0x12 Startup/startup_stm32l152rbtx.o

.debug_aranges  0x0000000000000000      0x3e8
 .debug_aranges
                0x0000000000000000       0xe0 Drivers/STM32L1xx_HAL_Driver/stm32l1xx_hal.o
 .debug_aranges
                0x00000000000000e0      0x118 Drivers/STM32L1xx_HAL_Driver/stm32l1xx_hal_cortex.o
 .debug_aranges
                0x00000000000001f8       0x58 Drivers/STM32L1xx_HAL_Driver/stm32l1xx_hal_gpio.o
 .debug_aranges
                0x0000000000000250       0x90 Drivers/STM32L1xx_HAL_Driver/stm32l1xx_hal_rcc.o
 .debug_aranges
                0x00000000000002e0       0x38 Src/main.o
 .debug_aranges
                0x0000000000000318       0x20 Src/stm32l1xx_hal_msp.o
 .debug_aranges
                0x0000000000000338       0x60 Src/stm32l1xx_it.o
 .debug_aranges
                0x0000000000000398       0x28 Src/system_stm32l1xx.o
 .debug_aranges
                0x00000000000003c0       0x28 Startup/startup_stm32l152rbtx.o

.debug_ranges   0x0000000000000000      0x360
 .debug_ranges  0x0000000000000000       0xd0 Drivers/STM32L1xx_HAL_Driver/stm32l1xx_hal.o
 .debug_ranges  0x00000000000000d0      0x108 Drivers/STM32L1xx_HAL_Driver/stm32l1xx_hal_cortex.o
 .debug_ranges  0x00000000000001d8       0x48 Drivers/STM32L1xx_HAL_Driver/stm32l1xx_hal_gpio.o
 .debug_ranges  0x0000000000000220       0x80 Drivers/STM32L1xx_HAL_Driver/stm32l1xx_hal_rcc.o
 .debug_ranges  0x00000000000002a0       0x28 Src/main.o
 .debug_ranges  0x00000000000002c8       0x10 Src/stm32l1xx_hal_msp.o
 .debug_ranges  0x00000000000002d8       0x50 Src/stm32l1xx_it.o
 .debug_ranges  0x0000000000000328       0x18 Src/system_stm32l1xx.o
 .debug_ranges  0x0000000000000340       0x20 Startup/startup_stm32l152rbtx.o

.debug_macro    0x0000000000000000    0x12aaf
 .debug_macro   0x0000000000000000      0x1ab Drivers/STM32L1xx_HAL_Driver/stm32l1xx_hal.o
 .debug_macro   0x00000000000001ab      0xa5a Drivers/STM32L1xx_HAL_Driver/stm32l1xx_hal.o
 .debug_macro   0x0000000000000c05      0x100 Drivers/STM32L1xx_HAL_Driver/stm32l1xx_hal.o
 .debug_macro   0x0000000000000d05       0x2e Drivers/STM32L1xx_HAL_Driver/stm32l1xx_hal.o
 .debug_macro   0x0000000000000d33       0x22 Drivers/STM32L1xx_HAL_Driver/stm32l1xx_hal.o
 .debug_macro   0x0000000000000d55       0x22 Drivers/STM32L1xx_HAL_Driver/stm32l1xx_hal.o
 .debug_macro   0x0000000000000d77       0x8e Drivers/STM32L1xx_HAL_Driver/stm32l1xx_hal.o
 .debug_macro   0x0000000000000e05       0x51 Drivers/STM32L1xx_HAL_Driver/stm32l1xx_hal.o
 .debug_macro   0x0000000000000e56       0xef Drivers/STM32L1xx_HAL_Driver/stm32l1xx_hal.o
 .debug_macro   0x0000000000000f45       0x6a Drivers/STM32L1xx_HAL_Driver/stm32l1xx_hal.o
 .debug_macro   0x0000000000000faf      0x1df Drivers/STM32L1xx_HAL_Driver/stm32l1xx_hal.o
 .debug_macro   0x000000000000118e       0x1c Drivers/STM32L1xx_HAL_Driver/stm32l1xx_hal.o
 .debug_macro   0x00000000000011aa       0x22 Drivers/STM32L1xx_HAL_Driver/stm32l1xx_hal.o
 .debug_macro   0x00000000000011cc       0xc3 Drivers/STM32L1xx_HAL_Driver/stm32l1xx_hal.o
 .debug_macro   0x000000000000128f      0xe49 Drivers/STM32L1xx_HAL_Driver/stm32l1xx_hal.o
 .debug_macro   0x00000000000020d8      0x11f Drivers/STM32L1xx_HAL_Driver/stm32l1xx_hal.o
 .debug_macro   0x00000000000021f7     0xa659 Drivers/STM32L1xx_HAL_Driver/stm32l1xx_hal.o
 .debug_macro   0x000000000000c850       0x43 Drivers/STM32L1xx_HAL_Driver/stm32l1xx_hal.o
 .debug_macro   0x000000000000c893     0x3468 Drivers/STM32L1xx_HAL_Driver/stm32l1xx_hal.o
 .debug_macro   0x000000000000fcfb      0x174 Drivers/STM32L1xx_HAL_Driver/stm32l1xx_hal.o
 .debug_macro   0x000000000000fe6f       0x5b Drivers/STM32L1xx_HAL_Driver/stm32l1xx_hal.o
 .debug_macro   0x000000000000feca      0xe38 Drivers/STM32L1xx_HAL_Driver/stm32l1xx_hal.o
 .debug_macro   0x0000000000010d02       0xbd Drivers/STM32L1xx_HAL_Driver/stm32l1xx_hal.o
 .debug_macro   0x0000000000010dbf      0x13b Drivers/STM32L1xx_HAL_Driver/stm32l1xx_hal.o
 .debug_macro   0x0000000000010efa       0xad Drivers/STM32L1xx_HAL_Driver/stm32l1xx_hal.o
 .debug_macro   0x0000000000010fa7      0x21e Drivers/STM32L1xx_HAL_Driver/stm32l1xx_hal.o
 .debug_macro   0x00000000000111c5      0x236 Drivers/STM32L1xx_HAL_Driver/stm32l1xx_hal.o
 .debug_macro   0x00000000000113fb      0x107 Drivers/STM32L1xx_HAL_Driver/stm32l1xx_hal.o
 .debug_macro   0x0000000000011502      0x281 Drivers/STM32L1xx_HAL_Driver/stm32l1xx_hal.o
 .debug_macro   0x0000000000011783      0x1e9 Drivers/STM32L1xx_HAL_Driver/stm32l1xx_hal.o
 .debug_macro   0x000000000001196c       0x22 Drivers/STM32L1xx_HAL_Driver/stm32l1xx_hal.o
 .debug_macro   0x000000000001198e      0x3ce Drivers/STM32L1xx_HAL_Driver/stm32l1xx_hal.o
 .debug_macro   0x0000000000011d5c      0x187 Drivers/STM32L1xx_HAL_Driver/stm32l1xx_hal_cortex.o
 .debug_macro   0x0000000000011ee3      0x1bf Drivers/STM32L1xx_HAL_Driver/stm32l1xx_hal_gpio.o
 .debug_macro   0x00000000000120a2      0x199 Drivers/STM32L1xx_HAL_Driver/stm32l1xx_hal_rcc.o
 .debug_macro   0x000000000001223b      0x196 Src/main.o
 .debug_macro   0x00000000000123d1      0x21b Src/main.o
 .debug_macro   0x00000000000125ec      0x196 Src/stm32l1xx_hal_msp.o
 .debug_macro   0x0000000000012782      0x1a0 Src/stm32l1xx_it.o
 .debug_macro   0x0000000000012922      0x18d Src/system_stm32l1xx.o

.debug_line     0x0000000000000000     0x4434
 .debug_line    0x0000000000000000      0x916 Drivers/STM32L1xx_HAL_Driver/stm32l1xx_hal.o
 .debug_line    0x0000000000000916      0xa61 Drivers/STM32L1xx_HAL_Driver/stm32l1xx_hal_cortex.o
 .debug_line    0x0000000000001377      0x8cc Drivers/STM32L1xx_HAL_Driver/stm32l1xx_hal_gpio.o
 .debug_line    0x0000000000001c43      0xa3f Drivers/STM32L1xx_HAL_Driver/stm32l1xx_hal_rcc.o
 .debug_line    0x0000000000002682      0x772 Src/main.o
 .debug_line    0x0000000000002df4      0x6fe Src/stm32l1xx_hal_msp.o
 .debug_line    0x00000000000034f2      0x7a0 Src/stm32l1xx_it.o
 .debug_line    0x0000000000003c92      0x723 Src/system_stm32l1xx.o
 .debug_line    0x00000000000043b5       0x7f Startup/startup_stm32l152rbtx.o

.debug_str      0x0000000000000000    0x731ef
 .debug_str     0x0000000000000000    0x71d2e Drivers/STM32L1xx_HAL_Driver/stm32l1xx_hal.o
                                      0x7206e (size before relaxing)
 .debug_str     0x0000000000071d2e      0x469 Drivers/STM32L1xx_HAL_Driver/stm32l1xx_hal_cortex.o
                                      0x721ad (size before relaxing)
 .debug_str     0x0000000000072197      0x2d3 Drivers/STM32L1xx_HAL_Driver/stm32l1xx_hal_gpio.o
                                      0x71cb7 (size before relaxing)
 .debug_str     0x000000000007246a      0x402 Drivers/STM32L1xx_HAL_Driver/stm32l1xx_hal_rcc.o
                                      0x71e7a (size before relaxing)
 .debug_str     0x000000000007286c      0x80d Src/main.o
                                      0x7238b (size before relaxing)
 .debug_str     0x0000000000073079       0x1b Src/stm32l1xx_hal_msp.o
                                      0x7216f (size before relaxing)
 .debug_str     0x0000000000073094       0xb8 Src/stm32l1xx_it.o
                                      0x72194 (size before relaxing)
 .debug_str     0x000000000007314c       0x72 Src/system_stm32l1xx.o
                                      0x71a55 (size before relaxing)
 .debug_str     0x00000000000731be       0x31 Startup/startup_stm32l152rbtx.o
                                         0x64 (size before relaxing)

.comment        0x0000000000000000       0x7b
 .comment       0x0000000000000000       0x7b Drivers/STM32L1xx_HAL_Driver/stm32l1xx_hal.o
                                         0x7c (size before relaxing)
 .comment       0x000000000000007b       0x7c Drivers/STM32L1xx_HAL_Driver/stm32l1xx_hal_cortex.o
 .comment       0x000000000000007b       0x7c Drivers/STM32L1xx_HAL_Driver/stm32l1xx_hal_gpio.o
 .comment       0x000000000000007b       0x7c Drivers/STM32L1xx_HAL_Driver/stm32l1xx_hal_rcc.o
 .comment       0x000000000000007b       0x7c Src/main.o
 .comment       0x000000000000007b       0x7c Src/stm32l1xx_hal_msp.o
 .comment       0x000000000000007b       0x7c Src/stm32l1xx_it.o
 .comment       0x000000000000007b       0x7c Src/system_stm32l1xx.o

.debug_frame    0x0000000000000000      0xdb4
 .debug_frame   0x0000000000000000      0x33c Drivers/STM32L1xx_HAL_Driver/stm32l1xx_hal.o
 .debug_frame   0x000000000000033c      0x498 Drivers/STM32L1xx_HAL_Driver/stm32l1xx_hal_cortex.o
 .debug_frame   0x00000000000007d4      0x14c Drivers/STM32L1xx_HAL_Driver/stm32l1xx_hal_gpio.o
 .debug_frame   0x0000000000000920      0x21c Drivers/STM32L1xx_HAL_Driver/stm32l1xx_hal_rcc.o
 .debug_frame   0x0000000000000b3c       0x94 Src/main.o
 .debug_frame   0x0000000000000bd0       0x34 Src/stm32l1xx_hal_msp.o
 .debug_frame   0x0000000000000c04      0x10c Src/stm32l1xx_it.o
 .debug_frame   0x0000000000000d10       0x58 Src/system_stm32l1xx.o
 .debug_frame   0x0000000000000d68       0x2c /opt/st/stm32cubeide_1.0.2/plugins/com.st.stm32cube.ide.mcu.externaltools.gnu-tools-for-stm32.7-2018-q2-update.linux64_1.0.0.201904181610/tools/bin/../lib/gcc/arm-none-eabi/7.3.1/../../../../arm-none-eabi/lib/thumb/v7-m/libc_nano.a(lib_a-init.o)
 .debug_frame   0x0000000000000d94       0x20 /opt/st/stm32cubeide_1.0.2/plugins/com.st.stm32cube.ide.mcu.externaltools.gnu-tools-for-stm32.7-2018-q2-update.linux64_1.0.0.201904181610/tools/bin/../lib/gcc/arm-none-eabi/7.3.1/../../../../arm-none-eabi/lib/thumb/v7-m/libc_nano.a(lib_a-memset.o)
