Archive member included to satisfy reference by file (symbol)

/opt/st/stm32cubeide_1.0.2/plugins/com.st.stm32cube.ide.mcu.externaltools.gnu-tools-for-stm32.7-2018-q2-update.linux64_1.0.0.201904181610/tools/bin/../lib/gcc/arm-none-eabi/7.3.1/../../../../arm-none-eabi/lib/thumb/v7-m/libc_nano.a(lib_a-errno.o)
                              Src/syscalls.o (__errno)
/opt/st/stm32cubeide_1.0.2/plugins/com.st.stm32cube.ide.mcu.externaltools.gnu-tools-for-stm32.7-2018-q2-update.linux64_1.0.0.201904181610/tools/bin/../lib/gcc/arm-none-eabi/7.3.1/../../../../arm-none-eabi/lib/thumb/v7-m/libc_nano.a(lib_a-exit.o)
                              /opt/st/stm32cubeide_1.0.2/plugins/com.st.stm32cube.ide.mcu.externaltools.gnu-tools-for-stm32.7-2018-q2-update.linux64_1.0.0.201904181610/tools/bin/../lib/gcc/arm-none-eabi/7.3.1/../../../../arm-none-eabi/lib/thumb/v7-m/crt0.o (exit)
/opt/st/stm32cubeide_1.0.2/plugins/com.st.stm32cube.ide.mcu.externaltools.gnu-tools-for-stm32.7-2018-q2-update.linux64_1.0.0.201904181610/tools/bin/../lib/gcc/arm-none-eabi/7.3.1/../../../../arm-none-eabi/lib/thumb/v7-m/libc_nano.a(lib_a-impure.o)
                              /opt/st/stm32cubeide_1.0.2/plugins/com.st.stm32cube.ide.mcu.externaltools.gnu-tools-for-stm32.7-2018-q2-update.linux64_1.0.0.201904181610/tools/bin/../lib/gcc/arm-none-eabi/7.3.1/../../../../arm-none-eabi/lib/thumb/v7-m/libc_nano.a(lib_a-exit.o) (_global_impure_ptr)
/opt/st/stm32cubeide_1.0.2/plugins/com.st.stm32cube.ide.mcu.externaltools.gnu-tools-for-stm32.7-2018-q2-update.linux64_1.0.0.201904181610/tools/bin/../lib/gcc/arm-none-eabi/7.3.1/../../../../arm-none-eabi/lib/thumb/v7-m/libc_nano.a(lib_a-init.o)
                              /opt/st/stm32cubeide_1.0.2/plugins/com.st.stm32cube.ide.mcu.externaltools.gnu-tools-for-stm32.7-2018-q2-update.linux64_1.0.0.201904181610/tools/bin/../lib/gcc/arm-none-eabi/7.3.1/../../../../arm-none-eabi/lib/thumb/v7-m/crt0.o (__libc_init_array)
/opt/st/stm32cubeide_1.0.2/plugins/com.st.stm32cube.ide.mcu.externaltools.gnu-tools-for-stm32.7-2018-q2-update.linux64_1.0.0.201904181610/tools/bin/../lib/gcc/arm-none-eabi/7.3.1/../../../../arm-none-eabi/lib/thumb/v7-m/libc_nano.a(lib_a-memset.o)
                              /opt/st/stm32cubeide_1.0.2/plugins/com.st.stm32cube.ide.mcu.externaltools.gnu-tools-for-stm32.7-2018-q2-update.linux64_1.0.0.201904181610/tools/bin/../lib/gcc/arm-none-eabi/7.3.1/../../../../arm-none-eabi/lib/thumb/v7-m/crt0.o (memset)
/opt/st/stm32cubeide_1.0.2/plugins/com.st.stm32cube.ide.mcu.externaltools.gnu-tools-for-stm32.7-2018-q2-update.linux64_1.0.0.201904181610/tools/bin/../lib/gcc/arm-none-eabi/7.3.1/../../../../arm-none-eabi/lib/thumb/v7-m/libc_nano.a(lib_a-printf.o)
                              Src/main.o (printf)
/opt/st/stm32cubeide_1.0.2/plugins/com.st.stm32cube.ide.mcu.externaltools.gnu-tools-for-stm32.7-2018-q2-update.linux64_1.0.0.201904181610/tools/bin/../lib/gcc/arm-none-eabi/7.3.1/../../../../arm-none-eabi/lib/thumb/v7-m/libc_nano.a(lib_a-putchar.o)
                              Src/main.o (putchar)
/opt/st/stm32cubeide_1.0.2/plugins/com.st.stm32cube.ide.mcu.externaltools.gnu-tools-for-stm32.7-2018-q2-update.linux64_1.0.0.201904181610/tools/bin/../lib/gcc/arm-none-eabi/7.3.1/../../../../arm-none-eabi/lib/thumb/v7-m/libc_nano.a(lib_a-findfp.o)
                              /opt/st/stm32cubeide_1.0.2/plugins/com.st.stm32cube.ide.mcu.externaltools.gnu-tools-for-stm32.7-2018-q2-update.linux64_1.0.0.201904181610/tools/bin/../lib/gcc/arm-none-eabi/7.3.1/../../../../arm-none-eabi/lib/thumb/v7-m/libc_nano.a(lib_a-printf.o) (__sinit)
/opt/st/stm32cubeide_1.0.2/plugins/com.st.stm32cube.ide.mcu.externaltools.gnu-tools-for-stm32.7-2018-q2-update.linux64_1.0.0.201904181610/tools/bin/../lib/gcc/arm-none-eabi/7.3.1/../../../../arm-none-eabi/lib/thumb/v7-m/libc_nano.a(lib_a-fwalk.o)
                              /opt/st/stm32cubeide_1.0.2/plugins/com.st.stm32cube.ide.mcu.externaltools.gnu-tools-for-stm32.7-2018-q2-update.linux64_1.0.0.201904181610/tools/bin/../lib/gcc/arm-none-eabi/7.3.1/../../../../arm-none-eabi/lib/thumb/v7-m/libc_nano.a(lib_a-findfp.o) (_fwalk)
/opt/st/stm32cubeide_1.0.2/plugins/com.st.stm32cube.ide.mcu.externaltools.gnu-tools-for-stm32.7-2018-q2-update.linux64_1.0.0.201904181610/tools/bin/../lib/gcc/arm-none-eabi/7.3.1/../../../../arm-none-eabi/lib/thumb/v7-m/libc_nano.a(lib_a-nano-mallocr.o)
                              /opt/st/stm32cubeide_1.0.2/plugins/com.st.stm32cube.ide.mcu.externaltools.gnu-tools-for-stm32.7-2018-q2-update.linux64_1.0.0.201904181610/tools/bin/../lib/gcc/arm-none-eabi/7.3.1/../../../../arm-none-eabi/lib/thumb/v7-m/libc_nano.a(lib_a-findfp.o) (_malloc_r)
/opt/st/stm32cubeide_1.0.2/plugins/com.st.stm32cube.ide.mcu.externaltools.gnu-tools-for-stm32.7-2018-q2-update.linux64_1.0.0.201904181610/tools/bin/../lib/gcc/arm-none-eabi/7.3.1/../../../../arm-none-eabi/lib/thumb/v7-m/libc_nano.a(lib_a-nano-vfprintf.o)
[...]
Memory Configuration

Name             Origin             Length             Attributes
RAM              0x0000000020000000 0x0000000000004000 xrw
FLASH            0x0000000008000000 0x0000000000020000 xr
*default*        0x0000000000000000 0xffffffffffffffff

Linker script and memory map

LOAD /opt/st/stm32cubeide_1.0.2/plugins/com.st.stm32cube.ide.mcu.externaltools.gnu-tools-for-stm32.7-2018-q2-update.linux64_1.0.0.201904181610/tools/bin/../lib/gcc/arm-none-eabi/7.3.1/thumb/v7-m/crti.o
LOAD /opt/st/stm32cubeide_1.0.2/plugins/com.st.stm32cube.ide.mcu.externaltools.gnu-tools-for-stm32.7-2018-q2-update.linux64_1.0.0.201904181610/tools/bin/../lib/gcc/arm-none-eabi/7.3.1/thumb/v7-m/crtbegin.o
LOAD /opt/st/stm32cubeide_1.0.2/plugins/com.st.stm32cube.ide.mcu.externaltools.gnu-tools-for-stm32.7-2018-q2-update.linux64_1.0.0.201904181610/tools/bin/../lib/gcc/arm-none-eabi/7.3.1/../../../../arm-none-eabi/lib/thumb/v7-m/crt0.o
LOAD Drivers/STM32L1xx_HAL_Driver/Src/stm32l1xx_hal.o
LOAD Drivers/STM32L1xx_HAL_Driver/Src/stm32l1xx_hal_adc.o
LOAD Drivers/STM32L1xx_HAL_Driver/Src/stm32l1xx_hal_adc_ex.o
LOAD Drivers/STM32L1xx_HAL_Driver/Src/stm32l1xx_hal_cortex.o
LOAD Drivers/STM32L1xx_HAL_Driver/Src/stm32l1xx_hal_dma.o
LOAD Drivers/STM32L1xx_HAL_Driver/Src/stm32l1xx_hal_flash.o
LOAD Drivers/STM32L1xx_HAL_Driver/Src/stm32l1xx_hal_flash_ex.o
LOAD Drivers/STM32L1xx_HAL_Driver/Src/stm32l1xx_hal_flash_ramfunc.o
LOAD Drivers/STM32L1xx_HAL_Driver/Src/stm32l1xx_hal_gpio.o
LOAD Drivers/STM32L1xx_HAL_Driver/Src/stm32l1xx_hal_pwr.o
LOAD Drivers/STM32L1xx_HAL_Driver/Src/stm32l1xx_hal_pwr_ex.o
LOAD Drivers/STM32L1xx_HAL_Driver/Src/stm32l1xx_hal_rcc.o
LOAD Drivers/STM32L1xx_HAL_Driver/Src/stm32l1xx_hal_rcc_ex.o
LOAD Drivers/STM32L1xx_HAL_Driver/Src/stm32l1xx_hal_tim.o
LOAD Drivers/STM32L1xx_HAL_Driver/Src/stm32l1xx_hal_tim_ex.o
LOAD Drivers/STM32L1xx_HAL_Driver/Src/stm32l1xx_hal_uart.o
LOAD Src/main.o
LOAD Src/stm32l1xx_hal_msp.o
LOAD Src/stm32l1xx_it.o
LOAD Src/syscalls.o
LOAD Src/sysmem.o
LOAD Src/system_stm32l1xx.o
LOAD Startup/startup_stm32l152rbtx.o
START GROUP
LOAD /opt/st/stm32cubeide_1.0.2/plugins/com.st.stm32cube.ide.mcu.externaltools.gnu-tools-for-stm32.7-2018-q2-update.linux64_1.0.0.201904181610/tools/bin/../lib/gcc/arm-none-eabi/7.3.1/../../../../arm-none-eabi/lib/thumb/v7-m/libc_nano.a
LOAD /opt/st/stm32cubeide_1.0.2/plugins/com.st.stm32cube.ide.mcu.externaltools.gnu-tools-for-stm32.7-2018-q2-update.linux64_1.0.0.201904181610/tools/bin/../lib/gcc/arm-none-eabi/7.3.1/../../../../arm-none-eabi/lib/thumb/v7-m/libm.a
END GROUP
START GROUP
LOAD /opt/st/stm32cubeide_1.0.2/plugins/com.st.stm32cube.ide.mcu.externaltools.gnu-tools-for-stm32.7-2018-q2-update.linux64_1.0.0.201904181610/tools/bin/../lib/gcc/arm-none-eabi/7.3.1/thumb/v7-m/libgcc.a
LOAD /opt/st/stm32cubeide_1.0.2/plugins/com.st.stm32cube.ide.mcu.externaltools.gnu-tools-for-stm32.7-2018-q2-update.linux64_1.0.0.201904181610/tools/bin/../lib/gcc/arm-none-eabi/7.3.1/../../../../arm-none-eabi/lib/thumb/v7-m/libc_nano.a
END GROUP
START GROUP
LOAD /opt/st/stm32cubeide_1.0.2/plugins/com.st.stm32cube.ide.mcu.externaltools.gnu-tools-for-stm32.7-2018-q2-update.linux64_1.0.0.201904181610/tools/bin/../lib/gcc/arm-none-eabi/7.3.1/thumb/v7-m/libgcc.a
LOAD /opt/st/stm32cubeide_1.0.2/plugins/com.st.stm32cube.ide.mcu.externaltools.gnu-tools-for-stm32.7-2018-q2-update.linux64_1.0.0.201904181610/tools/bin/../lib/gcc/arm-none-eabi/7.3.1/../../../../arm-none-eabi/lib/thumb/v7-m/libc_nano.a
LOAD /opt/st/stm32cubeide_1.0.2/plugins/com.st.stm32cube.ide.mcu.externaltools.gnu-tools-for-stm32.7-2018-q2-update.linux64_1.0.0.201904181610/tools/bin/../lib/gcc/arm-none-eabi/7.3.1/../../../../arm-none-eabi/lib/thumb/v7-m/libnosys.a
END GROUP
START GROUP
LOAD /opt/st/stm32cubeide_1.0.2/plugins/com.st.stm32cube.ide.mcu.externaltools.gnu-tools-for-stm32.7-2018-q2-update.linux64_1.0.0.201904181610/tools/bin/../lib/gcc/arm-none-eabi/7.3.1/thumb/v7-m/libgcc.a
LOAD /opt/st/stm32cubeide_1.0.2/plugins/com.st.stm32cube.ide.mcu.externaltools.gnu-tools-for-stm32.7-2018-q2-update.linux64_1.0.0.201904181610/tools/bin/../lib/gcc/arm-none-eabi/7.3.1/../../../../arm-none-eabi/lib/thumb/v7-m/libc_nano.a
LOAD /opt/st/stm32cubeide_1.0.2/plugins/com.st.stm32cube.ide.mcu.externaltools.gnu-tools-for-stm32.7-2018-q2-update.linux64_1.0.0.201904181610/tools/bin/../lib/gcc/arm-none-eabi/7.3.1/../../../../arm-none-eabi/lib/thumb/v7-m/libnosys.a
END GROUP
LOAD /opt/st/stm32cubeide_1.0.2/plugins/com.st.stm32cube.ide.mcu.externaltools.gnu-tools-for-stm32.7-2018-q2-update.linux64_1.0.0.201904181610/tools/bin/../lib/gcc/arm-none-eabi/7.3.1/thumb/v7-m/crtend.o
LOAD /opt/st/stm32cubeide_1.0.2/plugins/com.st.stm32cube.ide.mcu.externaltools.gnu-tools-for-stm32.7-2018-q2-update.linux64_1.0.0.201904181610/tools/bin/../lib/gcc/arm-none-eabi/7.3.1/thumb/v7-m/crtn.o
                0x0000000020004000                _estack = 0x20004000
                0x0000000000000200                _Min_Heap_Size = 0x200
                0x0000000000000400                _Min_Stack_Size = 0x400

.isr_vector     0x0000000008000000      0x13c
                0x0000000008000000                . = ALIGN (0x4)
 *(.isr_vector)
 .isr_vector    0x0000000008000000      0x13c Startup/startup_stm32l152rbtx.o
                0x0000000008000000                g_pfnVectors
                0x000000000800013c                . = ALIGN (0x4)

.text           0x000000000800013c     0x3330
                0x000000000800013c                . = ALIGN (0x4)
 *(.text)
 .text          0x000000000800013c       0x40 /opt/st/stm32cubeide_1.0.2/plugins/com.st.stm32cube.ide.mcu.externaltools.gnu-tools-for-stm32.7-2018-q2-update.linux64_1.0.0.201904181610/tools/bin/../lib/gcc/arm-none-eabi/7.3.1/thumb/v7-m/crtbegin.o
 *(.text*)
 .text.HAL_Init
                0x000000000800017c       0x30 Drivers/STM32L1xx_HAL_Driver/Src/stm32l1xx_hal.o
                0x000000000800017c                HAL_Init
 .text.HAL_InitTick
                0x00000000080001ac       0x74 Drivers/STM32L1xx_HAL_Driver/Src/stm32l1xx_hal.o
                0x00000000080001ac                HAL_InitTick
 .text.HAL_IncTick
                0x0000000008000220       0x24 Drivers/STM32L1xx_HAL_Driver/Src/stm32l1xx_hal.o
                0x0000000008000220                HAL_IncTick
 .text.HAL_GetTick
                0x0000000008000244       0x14 Drivers/STM32L1xx_HAL_Driver/Src/stm32l1xx_hal.o
                0x0000000008000244                HAL_GetTick
 .text.HAL_ADC_Init
                0x0000000008000258      0x28c Drivers/STM32L1xx_HAL_Driver/Src/stm32l1xx_hal_adc.o
                0x0000000008000258                HAL_ADC_Init
 .text.HAL_ADC_ConfigChannel
                0x00000000080004e4      0x2a0 Drivers/STM32L1xx_HAL_Driver/Src/stm32l1xx_hal_adc.o
                0x00000000080004e4                HAL_ADC_ConfigChannel
 .text.__NVIC_SetPriorityGrouping
                0x0000000008000784       0x48 Drivers/STM32L1xx_HAL_Driver/Src/stm32l1xx_hal_cortex.o
 .text.__NVIC_GetPriorityGrouping
                0x00000000080007cc       0x1c Drivers/STM32L1xx_HAL_Driver/Src/stm32l1xx_hal_cortex.o
 .text.__NVIC_EnableIRQ
                0x00000000080007e8       0x38 Drivers/STM32L1xx_HAL_Driver/Src/stm32l1xx_hal_cortex.o
 .text.__NVIC_SetPriority
                0x0000000008000820       0x54 Drivers/STM32L1xx_HAL_Driver/Src/stm32l1xx_hal_cortex.o
 .text.NVIC_EncodePriority
                0x0000000008000874       0x64 Drivers/STM32L1xx_HAL_Driver/Src/stm32l1xx_hal_cortex.o
 .text.SysTick_Config
                0x00000000080008d8       0x44 Drivers/STM32L1xx_HAL_Driver/Src/stm32l1xx_hal_cortex.o
 .text.HAL_NVIC_SetPriorityGrouping
                0x000000000800091c       0x16 Drivers/STM32L1xx_HAL_Driver/Src/stm32l1xx_hal_cortex.o
                0x000000000800091c                HAL_NVIC_SetPriorityGrouping
 .text.HAL_NVIC_SetPriority
                0x0000000008000932       0x38 Drivers/STM32L1xx_HAL_Driver/Src/stm32l1xx_hal_cortex.o
                0x0000000008000932                HAL_NVIC_SetPriority
 .text.HAL_NVIC_EnableIRQ
                0x000000000800096a       0x1c Drivers/STM32L1xx_HAL_Driver/Src/stm32l1xx_hal_cortex.o
                0x000000000800096a                HAL_NVIC_EnableIRQ
 .text.HAL_SYSTICK_Config
                0x0000000008000986       0x18 Drivers/STM32L1xx_HAL_Driver/Src/stm32l1xx_hal_cortex.o
                0x0000000008000986                HAL_SYSTICK_Config
 *fill*         0x000000000800099e        0x2 
 .text.HAL_GPIO_Init
                0x00000000080009a0      0x2fc Drivers/STM32L1xx_HAL_Driver/Src/stm32l1xx_hal_gpio.o
                0x00000000080009a0                HAL_GPIO_Init
 .text.HAL_GPIO_EXTI_IRQHandler
                0x0000000008000c9c       0x30 Drivers/STM32L1xx_HAL_Driver/Src/stm32l1xx_hal_gpio.o
                0x0000000008000c9c                HAL_GPIO_EXTI_IRQHandler
 .text.HAL_RCC_OscConfig
                0x0000000008000ccc      0x660 Drivers/STM32L1xx_HAL_Driver/Src/stm32l1xx_hal_rcc.o
                0x0000000008000ccc                HAL_RCC_OscConfig
 .text.HAL_RCC_ClockConfig
                0x000000000800132c      0x268 Drivers/STM32L1xx_HAL_Driver/Src/stm32l1xx_hal_rcc.o
                0x000000000800132c                HAL_RCC_ClockConfig
 .text.HAL_RCC_GetSysClockFreq
                0x0000000008001594       0xb0 Drivers/STM32L1xx_HAL_Driver/Src/stm32l1xx_hal_rcc.o
                0x0000000008001594                HAL_RCC_GetSysClockFreq
 .text.HAL_RCC_GetHCLKFreq
                0x0000000008001644       0x14 Drivers/STM32L1xx_HAL_Driver/Src/stm32l1xx_hal_rcc.o
                0x0000000008001644                HAL_RCC_GetHCLKFreq
 .text.HAL_RCC_GetPCLK1Freq
                0x0000000008001658       0x28 Drivers/STM32L1xx_HAL_Driver/Src/stm32l1xx_hal_rcc.o
                0x0000000008001658                HAL_RCC_GetPCLK1Freq
 .text.HAL_RCC_GetPCLK2Freq
                0x0000000008001680       0x28 Drivers/STM32L1xx_HAL_Driver/Src/stm32l1xx_hal_rcc.o
                0x0000000008001680                HAL_RCC_GetPCLK2Freq
 .text.RCC_SetFlashLatencyFromMSIRange
                0x00000000080016a8       0xc0 Drivers/STM32L1xx_HAL_Driver/Src/stm32l1xx_hal_rcc.o
 .text.HAL_UART_Init
                0x0000000008001768       0x9a Drivers/STM32L1xx_HAL_Driver/Src/stm32l1xx_hal_uart.o
                0x0000000008001768                HAL_UART_Init
 .text.HAL_UART_Transmit
                0x0000000008001802      0x132 Drivers/STM32L1xx_HAL_Driver/Src/stm32l1xx_hal_uart.o
                0x0000000008001802                HAL_UART_Transmit
 .text.HAL_UART_Receive
                0x0000000008001934      0x14c Drivers/STM32L1xx_HAL_Driver/Src/stm32l1xx_hal_uart.o
                0x0000000008001934                HAL_UART_Receive
 .text.UART_WaitOnFlagUntilTimeout
                0x0000000008001a80       0x94 Drivers/STM32L1xx_HAL_Driver/Src/stm32l1xx_hal_uart.o
 .text.UART_SetConfig
                0x0000000008001b14      0x310 Drivers/STM32L1xx_HAL_Driver/Src/stm32l1xx_hal_uart.o
 .text.__io_putchar
                0x0000000008001e24       0x24 Src/main.o
                0x0000000008001e24                __io_putchar
 .text.__io_getchar
                0x0000000008001e48       0x24 Src/main.o
                0x0000000008001e48                __io_getchar
 .text.main     0x0000000008001e6c      0x114 Src/main.o
                0x0000000008001e6c                main
 .text.SystemClock_Config
                0x0000000008001f80       0xa0 Src/main.o
                0x0000000008001f80                SystemClock_Config
 .text.MX_ADC_Init
                0x0000000008002020       0xb0 Src/main.o
 .text.MX_USART2_UART_Init
                0x00000000080020d0       0x54 Src/main.o
 .text.MX_GPIO_Init
                0x0000000008002124       0xd0 Src/main.o
 .text.HAL_GPIO_EXTI_Callback
                0x00000000080021f4       0x20 Src/main.o
                0x00000000080021f4                HAL_GPIO_EXTI_Callback
 .text.Error_Handler
                0x0000000008002214        0xc Src/main.o
                0x0000000008002214                Error_Handler
 .text.HAL_MspInit
                0x0000000008002220       0x5c Src/stm32l1xx_hal_msp.o
                0x0000000008002220                HAL_MspInit
 .text.HAL_ADC_MspInit
                0x000000000800227c       0x3c Src/stm32l1xx_hal_msp.o
                0x000000000800227c                HAL_ADC_MspInit
 .text.HAL_UART_MspInit
                0x00000000080022b8       0x88 Src/stm32l1xx_hal_msp.o
                0x00000000080022b8                HAL_UART_MspInit
 .text.NMI_Handler
                0x0000000008002340        0xc Src/stm32l1xx_it.o
                0x0000000008002340                NMI_Handler
 .text.HardFault_Handler
                0x000000000800234c        0x6 Src/stm32l1xx_it.o
                0x000000000800234c                HardFault_Handler
 .text.MemManage_Handler
                0x0000000008002352        0x6 Src/stm32l1xx_it.o
                0x0000000008002352                MemManage_Handler
 .text.BusFault_Handler
                0x0000000008002358        0x6 Src/stm32l1xx_it.o
                0x0000000008002358                BusFault_Handler
 .text.UsageFault_Handler
                0x000000000800235e        0x6 Src/stm32l1xx_it.o
                0x000000000800235e                UsageFault_Handler
 .text.SVC_Handler
                0x0000000008002364        0xc Src/stm32l1xx_it.o
                0x0000000008002364                SVC_Handler
 .text.DebugMon_Handler
                0x0000000008002370        0xc Src/stm32l1xx_it.o
                0x0000000008002370                DebugMon_Handler
 .text.PendSV_Handler
                0x000000000800237c        0xc Src/stm32l1xx_it.o
                0x000000000800237c                PendSV_Handler
 .text.SysTick_Handler
                0x0000000008002388        0xc Src/stm32l1xx_it.o
                0x0000000008002388                SysTick_Handler
 .text.EXTI0_IRQHandler
                0x0000000008002394        0xe Src/stm32l1xx_it.o
                0x0000000008002394                EXTI0_IRQHandler
 .text._read    0x00000000080023a2       0x3a Src/syscalls.o
                0x00000000080023a2                _read
 .text._write   0x00000000080023dc       0x38 Src/syscalls.o
                0x00000000080023dc                _write
 .text._close   0x0000000008002414       0x16 Src/syscalls.o
                0x0000000008002414                _close
 .text._fstat   0x000000000800242a       0x1e Src/syscalls.o
                0x000000000800242a                _fstat
 .text._isatty  0x0000000008002448       0x14 Src/syscalls.o
                0x0000000008002448                _isatty
 .text._lseek   0x000000000800245c       0x18 Src/syscalls.o
                0x000000000800245c                _lseek
 .text._sbrk    0x0000000008002474       0x58 Src/sysmem.o
                0x0000000008002474                _sbrk
 .text.SystemInit
                0x00000000080024cc       0x68 Src/system_stm32l1xx.o
                0x00000000080024cc                SystemInit
 .text.Reset_Handler
                0x0000000008002534       0x48 Startup/startup_stm32l152rbtx.o
                0x0000000008002534                Reset_Handler
 .text.Default_Handler
                0x000000000800257c        0x2 Startup/startup_stm32l152rbtx.o
                0x000000000800257c                RTC_Alarm_IRQHandler
                0x000000000800257c                EXTI2_IRQHandler
                0x000000000800257c                TIM10_IRQHandler
                0x000000000800257c                USB_HP_IRQHandler
                0x000000000800257c                TIM6_IRQHandler
                0x000000000800257c                PVD_IRQHandler
                0x000000000800257c                EXTI3_IRQHandler
                0x000000000800257c                I2C2_EV_IRQHandler
                0x000000000800257c                SPI1_IRQHandler
                0x000000000800257c                USB_FS_WKUP_IRQHandler
                0x000000000800257c                DMA1_Channel4_IRQHandler
                0x000000000800257c                ADC1_IRQHandler
                0x000000000800257c                USART3_IRQHandler
                0x000000000800257c                DMA1_Channel7_IRQHandler
                0x000000000800257c                LCD_IRQHandler
                0x000000000800257c                TIM4_IRQHandler
                0x000000000800257c                I2C1_EV_IRQHandler
                0x000000000800257c                DMA1_Channel6_IRQHandler
                0x000000000800257c                TIM3_IRQHandler
                0x000000000800257c                RCC_IRQHandler
                0x000000000800257c                DMA1_Channel1_IRQHandler
                0x000000000800257c                Default_Handler
                0x000000000800257c                EXTI15_10_IRQHandler
                0x000000000800257c                TIM7_IRQHandler
                0x000000000800257c                EXTI9_5_IRQHandler
                0x000000000800257c                TIM9_IRQHandler
                0x000000000800257c                TAMPER_STAMP_IRQHandler
                0x000000000800257c                RTC_WKUP_IRQHandler
                0x000000000800257c                SPI2_IRQHandler
                0x000000000800257c                DMA1_Channel5_IRQHandler
                0x000000000800257c                USB_LP_IRQHandler
                0x000000000800257c                EXTI4_IRQHandler
                0x000000000800257c                DMA1_Channel3_IRQHandler
                0x000000000800257c                COMP_IRQHandler
                0x000000000800257c                WWDG_IRQHandler
                0x000000000800257c                TIM2_IRQHandler
                0x000000000800257c                DAC_IRQHandler
                0x000000000800257c                EXTI1_IRQHandler
                0x000000000800257c                TIM11_IRQHandler
                0x000000000800257c                USART2_IRQHandler
                0x000000000800257c                I2C2_ER_IRQHandler
                0x000000000800257c                DMA1_Channel2_IRQHandler
                0x000000000800257c                FLASH_IRQHandler
                0x000000000800257c                USART1_IRQHandler
                0x000000000800257c                I2C1_ER_IRQHandler
 *fill*         0x000000000800257e        0x2 
 .text.__errno  0x0000000008002580        0xc /opt/st/stm32cubeide_1.0.2/plugins/com.st.stm32cube.ide.mcu.externaltools.gnu-tools-for-stm32.7-2018-q2-update.linux64_1.0.0.201904181610/tools/bin/../lib/gcc/arm-none-eabi/7.3.1/../../../../arm-none-eabi/lib/thumb/v7-m/libc_nano.a(lib_a-errno.o)
                0x0000000008002580                __errno
 .text.__libc_init_array
                0x000000000800258c       0x48 /opt/st/stm32cubeide_1.0.2/plugins/com.st.stm32cube.ide.mcu.externaltools.gnu-tools-for-stm32.7-2018-q2-update.linux64_1.0.0.201904181610/tools/bin/../lib/gcc/arm-none-eabi/7.3.1/../../../../arm-none-eabi/lib/thumb/v7-m/libc_nano.a(lib_a-init.o)
                0x000000000800258c                __libc_init_array
 .text.memset   0x00000000080025d4       0x10 /opt/st/stm32cubeide_1.0.2/plugins/com.st.stm32cube.ide.mcu.externaltools.gnu-tools-for-stm32.7-2018-q2-update.linux64_1.0.0.201904181610/tools/bin/../lib/gcc/arm-none-eabi/7.3.1/../../../../arm-none-eabi/lib/thumb/v7-m/libc_nano.a(lib_a-memset.o)
                0x00000000080025d4                memset
 .text.printf   0x00000000080025e4       0x30 /opt/st/stm32cubeide_1.0.2/plugins/com.st.stm32cube.ide.mcu.externaltools.gnu-tools-for-stm32.7-2018-q2-update.linux64_1.0.0.201904181610/tools/bin/../lib/gcc/arm-none-eabi/7.3.1/../../../../arm-none-eabi/lib/thumb/v7-m/libc_nano.a(lib_a-printf.o)
                0x00000000080025e4                printf
                0x00000000080025e4                iprintf
 .text.putchar  0x0000000008002614       0x28 /opt/st/stm32cubeide_1.0.2/plugins/com.st.stm32cube.ide.mcu.externaltools.gnu-tools-for-stm32.7-2018-q2-update.linux64_1.0.0.201904181610/tools/bin/../lib/gcc/arm-none-eabi/7.3.1/../../../../arm-none-eabi/lib/thumb/v7-m/libc_nano.a(lib_a-putchar.o)
                0x0000000008002614                putchar
 .text.std      0x000000000800263c       0x48 /opt/st/stm32cubeide_1.0.2/plugins/com.st.stm32cube.ide.mcu.externaltools.gnu-tools-for-stm32.7-2018-q2-update.linux64_1.0.0.201904181610/tools/bin/../lib/gcc/arm-none-eabi/7.3.1/../../../../arm-none-eabi/lib/thumb/v7-m/libc_nano.a(lib_a-findfp.o)
 .text._cleanup_r
                0x0000000008002684        0xc /opt/st/stm32cubeide_1.0.2/plugins/com.st.stm32cube.ide.mcu.externaltools.gnu-tools-for-stm32.7-2018-q2-update.linux64_1.0.0.201904181610/tools/bin/../lib/gcc/arm-none-eabi/7.3.1/../../../../arm-none-eabi/lib/thumb/v7-m/libc_nano.a(lib_a-findfp.o)
                0x0000000008002684                _cleanup_r
 .text.__sfmoreglue
                0x0000000008002690       0x2c /opt/st/stm32cubeide_1.0.2/plugins/com.st.stm32cube.ide.mcu.externaltools.gnu-tools-for-stm32.7-2018-q2-update.linux64_1.0.0.201904181610/tools/bin/../lib/gcc/arm-none-eabi/7.3.1/../../../../arm-none-eabi/lib/thumb/v7-m/libc_nano.a(lib_a-findfp.o)
                0x0000000008002690                __sfmoreglue
 .text.__sinit  0x00000000080026bc       0x60 /opt/st/stm32cubeide_1.0.2/plugins/com.st.stm32cube.ide.mcu.externaltools.gnu-tools-for-stm32.7-2018-q2-update.linux64_1.0.0.201904181610/tools/bin/../lib/gcc/arm-none-eabi/7.3.1/../../../../arm-none-eabi/lib/thumb/v7-m/libc_nano.a(lib_a-findfp.o)
                0x00000000080026bc                __sinit
 .text.__sfp    0x000000000800271c       0x78 /opt/st/stm32cubeide_1.0.2/plugins/com.st.stm32cube.ide.mcu.externaltools.gnu-tools-for-stm32.7-2018-q2-update.linux64_1.0.0.201904181610/tools/bin/../lib/gcc/arm-none-eabi/7.3.1/../../../../arm-none-eabi/lib/thumb/v7-m/libc_nano.a(lib_a-findfp.o)
                0x000000000800271c                __sfp
 .text._fwalk_reent
                0x0000000008002794       0x3c /opt/st/stm32cubeide_1.0.2/plugins/com.st.stm32cube.ide.mcu.externaltools.gnu-tools-for-stm32.7-2018-q2-update.linux64_1.0.0.201904181610/tools/bin/../lib/gcc/arm-none-eabi/7.3.1/../../../../arm-none-eabi/lib/thumb/v7-m/libc_nano.a(lib_a-fwalk.o)
                0x0000000008002794                _fwalk_reent
 .text._malloc_r
                0x00000000080027d0       0xb4 /opt/st/stm32cubeide_1.0.2/plugins/com.st.stm32cube.ide.mcu.externaltools.gnu-tools-for-stm32.7-2018-q2-update.linux64_1.0.0.201904181610/tools/bin/../lib/gcc/arm-none-eabi/7.3.1/../../../../arm-none-eabi/lib/thumb/v7-m/libc_nano.a(lib_a-nano-mallocr.o)
                0x00000000080027d0                _malloc_r
 .text.__sfputc_r
                0x0000000008002884       0x2a /opt/st/stm32cubeide_1.0.2/plugins/com.st.stm32cube.ide.mcu.externaltools.gnu-tools-for-stm32.7-2018-q2-update.linux64_1.0.0.201904181610/tools/bin/../lib/gcc/arm-none-eabi/7.3.1/../../../../arm-none-eabi/lib/thumb/v7-m/libc_nano.a(lib_a-nano-vfprintf.o)
 .text.__sfputs_r
                0x00000000080028ae       0x24 /opt/st/stm32cubeide_1.0.2/plugins/com.st.stm32cube.ide.mcu.externaltools.gnu-tools-for-stm32.7-2018-q2-update.linux64_1.0.0.201904181610/tools/bin/../lib/gcc/arm-none-eabi/7.3.1/../../../../arm-none-eabi/lib/thumb/v7-m/libc_nano.a(lib_a-nano-vfprintf.o)
                0x00000000080028ae                __sfputs_r
 *fill*         0x00000000080028d2        0x2 
 .text._vfprintf_r
                0x00000000080028d4      0x22c /opt/st/stm32cubeide_1.0.2/plugins/com.st.stm32cube.ide.mcu.externaltools.gnu-tools-for-stm32.7-2018-q2-update.linux64_1.0.0.201904181610/tools/bin/../lib/gcc/arm-none-eabi/7.3.1/../../../../arm-none-eabi/lib/thumb/v7-m/libc_nano.a(lib_a-nano-vfprintf.o)
                0x00000000080028d4                _vfiprintf_r
                0x00000000080028d4                _vfprintf_r
 .text._printf_common
                0x0000000008002b00       0xec /opt/st/stm32cubeide_1.0.2/plugins/com.st.stm32cube.ide.mcu.externaltools.gnu-tools-for-stm32.7-2018-q2-update.linux64_1.0.0.201904181610/tools/bin/../lib/gcc/arm-none-eabi/7.3.1/../../../../arm-none-eabi/lib/thumb/v7-m/libc_nano.a(lib_a-nano-vfprintf_i.o)
                0x0000000008002b00                _printf_common
 .text._printf_i
                0x0000000008002bec      0x224 /opt/st/stm32cubeide_1.0.2/plugins/com.st.stm32cube.ide.mcu.externaltools.gnu-tools-for-stm32.7-2018-q2-update.linux64_1.0.0.201904181610/tools/bin/../lib/gcc/arm-none-eabi/7.3.1/../../../../arm-none-eabi/lib/thumb/v7-m/libc_nano.a(lib_a-nano-vfprintf_i.o)
                0x0000000008002bec                _printf_i
 .text._putc_r  0x0000000008002e10       0x6c /opt/st/stm32cubeide_1.0.2/plugins/com.st.stm32cube.ide.mcu.externaltools.gnu-tools-for-stm32.7-2018-q2-update.linux64_1.0.0.201904181610/tools/bin/../lib/gcc/arm-none-eabi/7.3.1/../../../../arm-none-eabi/lib/thumb/v7-m/libc_nano.a(lib_a-putc.o)
                0x0000000008002e10                _putc_r
 .text._sbrk_r  0x0000000008002e7c       0x20 /opt/st/stm32cubeide_1.0.2/plugins/com.st.stm32cube.ide.mcu.externaltools.gnu-tools-for-stm32.7-2018-q2-update.linux64_1.0.0.201904181610/tools/bin/../lib/gcc/arm-none-eabi/7.3.1/../../../../arm-none-eabi/lib/thumb/v7-m/libc_nano.a(lib_a-sbrkr.o)
                0x0000000008002e7c                _sbrk_r
 .text.__sread  0x0000000008002e9c       0x22 /opt/st/stm32cubeide_1.0.2/plugins/com.st.stm32cube.ide.mcu.externaltools.gnu-tools-for-stm32.7-2018-q2-update.linux64_1.0.0.201904181610/tools/bin/../lib/gcc/arm-none-eabi/7.3.1/../../../../arm-none-eabi/lib/thumb/v7-m/libc_nano.a(lib_a-stdio.o)
                0x0000000008002e9c                __sread
 .text.__swrite
                0x0000000008002ebe       0x38 /opt/st/stm32cubeide_1.0.2/plugins/com.st.stm32cube.ide.mcu.externaltools.gnu-tools-for-stm32.7-2018-q2-update.linux64_1.0.0.201904181610/tools/bin/../lib/gcc/arm-none-eabi/7.3.1/../../../../arm-none-eabi/lib/thumb/v7-m/libc_nano.a(lib_a-stdio.o)
                0x0000000008002ebe                __swrite
 .text.__sseek  0x0000000008002ef6       0x24 /opt/st/stm32cubeide_1.0.2/plugins/com.st.stm32cube.ide.mcu.externaltools.gnu-tools-for-stm32.7-2018-q2-update.linux64_1.0.0.201904181610/tools/bin/../lib/gcc/arm-none-eabi/7.3.1/../../../../arm-none-eabi/lib/thumb/v7-m/libc_nano.a(lib_a-stdio.o)
                0x0000000008002ef6                __sseek
 .text.__sclose
                0x0000000008002f1a        0x8 /opt/st/stm32cubeide_1.0.2/plugins/com.st.stm32cube.ide.mcu.externaltools.gnu-tools-for-stm32.7-2018-q2-update.linux64_1.0.0.201904181610/tools/bin/../lib/gcc/arm-none-eabi/7.3.1/../../../../arm-none-eabi/lib/thumb/v7-m/libc_nano.a(lib_a-stdio.o)
                0x0000000008002f1a                __sclose
 *fill*         0x0000000008002f22        0x2 
 .text.__swbuf_r
                0x0000000008002f24       0xa4 /opt/st/stm32cubeide_1.0.2/plugins/com.st.stm32cube.ide.mcu.externaltools.gnu-tools-for-stm32.7-2018-q2-update.linux64_1.0.0.201904181610/tools/bin/../lib/gcc/arm-none-eabi/7.3.1/../../../../arm-none-eabi/lib/thumb/v7-m/libc_nano.a(lib_a-wbuf.o)
                0x0000000008002f24                __swbuf_r
 .text._write_r
                0x0000000008002fc8       0x24 /opt/st/stm32cubeide_1.0.2/plugins/com.st.stm32cube.ide.mcu.externaltools.gnu-tools-for-stm32.7-2018-q2-update.linux64_1.0.0.201904181610/tools/bin/../lib/gcc/arm-none-eabi/7.3.1/../../../../arm-none-eabi/lib/thumb/v7-m/libc_nano.a(lib_a-writer.o)
                0x0000000008002fc8                _write_r
 .text.__swsetup_r
                0x0000000008002fec       0xdc /opt/st/stm32cubeide_1.0.2/plugins/com.st.stm32cube.ide.mcu.externaltools.gnu-tools-for-stm32.7-2018-q2-update.linux64_1.0.0.201904181610/tools/bin/../lib/gcc/arm-none-eabi/7.3.1/../../../../arm-none-eabi/lib/thumb/v7-m/libc_nano.a(lib_a-wsetup.o)
                0x0000000008002fec                __swsetup_r
 .text._close_r
                0x00000000080030c8       0x20 /opt/st/stm32cubeide_1.0.2/plugins/com.st.stm32cube.ide.mcu.externaltools.gnu-tools-for-stm32.7-2018-q2-update.linux64_1.0.0.201904181610/tools/bin/../lib/gcc/arm-none-eabi/7.3.1/../../../../arm-none-eabi/lib/thumb/v7-m/libc_nano.a(lib_a-closer.o)
                0x00000000080030c8                _close_r
 .text.__sflush_r
                0x00000000080030e8      0x10c /opt/st/stm32cubeide_1.0.2/plugins/com.st.stm32cube.ide.mcu.externaltools.gnu-tools-for-stm32.7-2018-q2-update.linux64_1.0.0.201904181610/tools/bin/../lib/gcc/arm-none-eabi/7.3.1/../../../../arm-none-eabi/lib/thumb/v7-m/libc_nano.a(lib_a-fflush.o)
                0x00000000080030e8                __sflush_r
 .text._fflush_r
                0x00000000080031f4       0x54 /opt/st/stm32cubeide_1.0.2/plugins/com.st.stm32cube.ide.mcu.externaltools.gnu-tools-for-stm32.7-2018-q2-update.linux64_1.0.0.201904181610/tools/bin/../lib/gcc/arm-none-eabi/7.3.1/../../../../arm-none-eabi/lib/thumb/v7-m/libc_nano.a(lib_a-fflush.o)
                0x00000000080031f4                _fflush_r
 .text._lseek_r
                0x0000000008003248       0x24 /opt/st/stm32cubeide_1.0.2/plugins/com.st.stm32cube.ide.mcu.externaltools.gnu-tools-for-stm32.7-2018-q2-update.linux64_1.0.0.201904181610/tools/bin/../lib/gcc/arm-none-eabi/7.3.1/../../../../arm-none-eabi/lib/thumb/v7-m/libc_nano.a(lib_a-lseekr.o)
                0x0000000008003248                _lseek_r
 .text.__swhatbuf_r
                0x000000000800326c       0x48 /opt/st/stm32cubeide_1.0.2/plugins/com.st.stm32cube.ide.mcu.externaltools.gnu-tools-for-stm32.7-2018-q2-update.linux64_1.0.0.201904181610/tools/bin/../lib/gcc/arm-none-eabi/7.3.1/../../../../arm-none-eabi/lib/thumb/v7-m/libc_nano.a(lib_a-makebuf.o)
                0x000000000800326c                __swhatbuf_r
 .text.__smakebuf_r
                0x00000000080032b4       0x80 /opt/st/stm32cubeide_1.0.2/plugins/com.st.stm32cube.ide.mcu.externaltools.gnu-tools-for-stm32.7-2018-q2-update.linux64_1.0.0.201904181610/tools/bin/../lib/gcc/arm-none-eabi/7.3.1/../../../../arm-none-eabi/lib/thumb/v7-m/libc_nano.a(lib_a-makebuf.o)
                0x00000000080032b4                __smakebuf_r
 .text.memchr   0x0000000008003334       0x1c /opt/st/stm32cubeide_1.0.2/plugins/com.st.stm32cube.ide.mcu.externaltools.gnu-tools-for-stm32.7-2018-q2-update.linux64_1.0.0.201904181610/tools/bin/../lib/gcc/arm-none-eabi/7.3.1/../../../../arm-none-eabi/lib/thumb/v7-m/libc_nano.a(lib_a-memchr-stub.o)
                0x0000000008003334                memchr
 .text.__malloc_lock
                0x0000000008003350        0x2 /opt/st/stm32cubeide_1.0.2/plugins/com.st.stm32cube.ide.mcu.externaltools.gnu-tools-for-stm32.7-2018-q2-update.linux64_1.0.0.201904181610/tools/bin/../lib/gcc/arm-none-eabi/7.3.1/../../../../arm-none-eabi/lib/thumb/v7-m/libc_nano.a(lib_a-mlock.o)
                0x0000000008003350                __malloc_lock
 .text.__malloc_unlock
                0x0000000008003352        0x2 /opt/st/stm32cubeide_1.0.2/plugins/com.st.stm32cube.ide.mcu.externaltools.gnu-tools-for-stm32.7-2018-q2-update.linux64_1.0.0.201904181610/tools/bin/../lib/gcc/arm-none-eabi/7.3.1/../../../../arm-none-eabi/lib/thumb/v7-m/libc_nano.a(lib_a-mlock.o)
                0x0000000008003352                __malloc_unlock
 .text._free_r  0x0000000008003354       0x98 /opt/st/stm32cubeide_1.0.2/plugins/com.st.stm32cube.ide.mcu.externaltools.gnu-tools-for-stm32.7-2018-q2-update.linux64_1.0.0.201904181610/tools/bin/../lib/gcc/arm-none-eabi/7.3.1/../../../../arm-none-eabi/lib/thumb/v7-m/libc_nano.a(lib_a-nano-freer.o)
                0x0000000008003354                _free_r
 .text._read_r  0x00000000080033ec       0x24 /opt/st/stm32cubeide_1.0.2/plugins/com.st.stm32cube.ide.mcu.externaltools.gnu-tools-for-stm32.7-2018-q2-update.linux64_1.0.0.201904181610/tools/bin/../lib/gcc/arm-none-eabi/7.3.1/../../../../arm-none-eabi/lib/thumb/v7-m/libc_nano.a(lib_a-readr.o)
                0x00000000080033ec                _read_r
 .text._fstat_r
                0x0000000008003410       0x24 /opt/st/stm32cubeide_1.0.2/plugins/com.st.stm32cube.ide.mcu.externaltools.gnu-tools-for-stm32.7-2018-q2-update.linux64_1.0.0.201904181610/tools/bin/../lib/gcc/arm-none-eabi/7.3.1/../../../../arm-none-eabi/lib/thumb/v7-m/libc_nano.a(lib_a-fstatr.o)
                0x0000000008003410                _fstat_r
 .text._isatty_r
                0x0000000008003434       0x20 /opt/st/stm32cubeide_1.0.2/plugins/com.st.stm32cube.ide.mcu.externaltools.gnu-tools-for-stm32.7-2018-q2-update.linux64_1.0.0.201904181610/tools/bin/../lib/gcc/arm-none-eabi/7.3.1/../../../../arm-none-eabi/lib/thumb/v7-m/libc_nano.a(lib_a-isattyr.o)
                0x0000000008003434                _isatty_r
 *(.glue_7)
 .glue_7        0x0000000008003454        0x0 linker stubs
 *(.glue_7t)
 .glue_7t       0x0000000008003454        0x0 linker stubs
 *(.eh_frame)
 .eh_frame      0x0000000008003454        0x0 /opt/st/stm32cubeide_1.0.2/plugins/com.st.stm32cube.ide.mcu.externaltools.gnu-tools-for-stm32.7-2018-q2-update.linux64_1.0.0.201904181610/tools/bin/../lib/gcc/arm-none-eabi/7.3.1/thumb/v7-m/crtbegin.o
 *(.init)
 .init          0x0000000008003454        0x4 /opt/st/stm32cubeide_1.0.2/plugins/com.st.stm32cube.ide.mcu.externaltools.gnu-tools-for-stm32.7-2018-q2-update.linux64_1.0.0.201904181610/tools/bin/../lib/gcc/arm-none-eabi/7.3.1/thumb/v7-m/crti.o
                0x0000000008003454                _init
 .init          0x0000000008003458        0x8 /opt/st/stm32cubeide_1.0.2/plugins/com.st.stm32cube.ide.mcu.externaltools.gnu-tools-for-stm32.7-2018-q2-update.linux64_1.0.0.201904181610/tools/bin/../lib/gcc/arm-none-eabi/7.3.1/thumb/v7-m/crtn.o
 *(.fini)
 .fini          0x0000000008003460        0x4 /opt/st/stm32cubeide_1.0.2/plugins/com.st.stm32cube.ide.mcu.externaltools.gnu-tools-for-stm32.7-2018-q2-update.linux64_1.0.0.201904181610/tools/bin/../lib/gcc/arm-none-eabi/7.3.1/thumb/v7-m/crti.o
                0x0000000008003460                _fini
 .fini          0x0000000008003464        0x8 /opt/st/stm32cubeide_1.0.2/plugins/com.st.stm32cube.ide.mcu.externaltools.gnu-tools-for-stm32.7-2018-q2-update.linux64_1.0.0.201904181610/tools/bin/../lib/gcc/arm-none-eabi/7.3.1/thumb/v7-m/crtn.o
                0x000000000800346c                . = ALIGN (0x4)
                0x000000000800346c                _etext = .

.vfp11_veneer   0x000000000800346c        0x0
 .vfp11_veneer  0x000000000800346c        0x0 linker stubs

.v4_bx          0x000000000800346c        0x0
 .v4_bx         0x000000000800346c        0x0 linker stubs

.iplt           0x000000000800346c        0x0
 .iplt          0x000000000800346c        0x0 /opt/st/stm32cubeide_1.0.2/plugins/com.st.stm32cube.ide.mcu.externaltools.gnu-tools-for-stm32.7-2018-q2-update.linux64_1.0.0.201904181610/tools/bin/../lib/gcc/arm-none-eabi/7.3.1/thumb/v7-m/crtbegin.o

.rodata         0x000000000800346c       0xdc
                0x000000000800346c                . = ALIGN (0x4)
 *(.rodata)
 .rodata        0x000000000800346c       0x20 Src/main.o
 *(.rodata*)
 .rodata.PLLMulTable
                0x000000000800348c        0x9 Src/system_stm32l1xx.o
                0x000000000800348c                PLLMulTable
 *fill*         0x0000000008003495        0x3 
 .rodata.AHBPrescTable
                0x0000000008003498       0x10 Src/system_stm32l1xx.o
                0x0000000008003498                AHBPrescTable
 .rodata.APBPrescTable
                0x00000000080034a8        0x8 Src/system_stm32l1xx.o
                0x00000000080034a8                APBPrescTable
 .rodata._global_impure_ptr
                0x00000000080034b0        0x4 /opt/st/stm32cubeide_1.0.2/plugins/com.st.stm32cube.ide.mcu.externaltools.gnu-tools-for-stm32.7-2018-q2-update.linux64_1.0.0.201904181610/tools/bin/../lib/gcc/arm-none-eabi/7.3.1/../../../../arm-none-eabi/lib/thumb/v7-m/libc_nano.a(lib_a-impure.o)
                0x00000000080034b0                _global_impure_ptr
 .rodata.__sf_fake_stderr
                0x00000000080034b4       0x20 /opt/st/stm32cubeide_1.0.2/plugins/com.st.stm32cube.ide.mcu.externaltools.gnu-tools-for-stm32.7-2018-q2-update.linux64_1.0.0.201904181610/tools/bin/../lib/gcc/arm-none-eabi/7.3.1/../../../../arm-none-eabi/lib/thumb/v7-m/libc_nano.a(lib_a-findfp.o)
                0x00000000080034b4                __sf_fake_stderr
 .rodata.__sf_fake_stdin
                0x00000000080034d4       0x20 /opt/st/stm32cubeide_1.0.2/plugins/com.st.stm32cube.ide.mcu.externaltools.gnu-tools-for-stm32.7-2018-q2-update.linux64_1.0.0.201904181610/tools/bin/../lib/gcc/arm-none-eabi/7.3.1/../../../../arm-none-eabi/lib/thumb/v7-m/libc_nano.a(lib_a-findfp.o)
                0x00000000080034d4                __sf_fake_stdin
 .rodata.__sf_fake_stdout
                0x00000000080034f4       0x20 /opt/st/stm32cubeide_1.0.2/plugins/com.st.stm32cube.ide.mcu.externaltools.gnu-tools-for-stm32.7-2018-q2-update.linux64_1.0.0.201904181610/tools/bin/../lib/gcc/arm-none-eabi/7.3.1/../../../../arm-none-eabi/lib/thumb/v7-m/libc_nano.a(lib_a-findfp.o)
                0x00000000080034f4                __sf_fake_stdout
 .rodata._vfprintf_r.str1.1
                0x0000000008003514       0x11 /opt/st/stm32cubeide_1.0.2/plugins/com.st.stm32cube.ide.mcu.externaltools.gnu-tools-for-stm32.7-2018-q2-update.linux64_1.0.0.201904181610/tools/bin/../lib/gcc/arm-none-eabi/7.3.1/../../../../arm-none-eabi/lib/thumb/v7-m/libc_nano.a(lib_a-nano-vfprintf.o)
 .rodata._printf_i.str1.1
                0x0000000008003525       0x22 /opt/st/stm32cubeide_1.0.2/plugins/com.st.stm32cube.ide.mcu.externaltools.gnu-tools-for-stm32.7-2018-q2-update.linux64_1.0.0.201904181610/tools/bin/../lib/gcc/arm-none-eabi/7.3.1/../../../../arm-none-eabi/lib/thumb/v7-m/libc_nano.a(lib_a-nano-vfprintf_i.o)
                0x0000000008003548                . = ALIGN (0x4)
 *fill*         0x0000000008003547        0x1 

.rel.dyn        0x0000000008003548        0x0
 .rel.iplt      0x0000000008003548        0x0 /opt/st/stm32cubeide_1.0.2/plugins/com.st.stm32cube.ide.mcu.externaltools.gnu-tools-for-stm32.7-2018-q2-update.linux64_1.0.0.201904181610/tools/bin/../lib/gcc/arm-none-eabi/7.3.1/thumb/v7-m/crtbegin.o

.ARM.extab      0x0000000008003548        0x0
                0x0000000008003548                . = ALIGN (0x4)
 *(.ARM.extab* .gnu.linkonce.armextab.*)
                0x0000000008003548                . = ALIGN (0x4)

.ARM            0x0000000008003548        0x0
                0x0000000008003548                . = ALIGN (0x4)
                0x0000000008003548                __exidx_start = .
 *(.ARM.exidx*)
                0x0000000008003548                __exidx_end = .
                0x0000000008003548                . = ALIGN (0x4)

.preinit_array  0x0000000008003548        0x0
                0x0000000008003548                . = ALIGN (0x4)
                0x0000000008003548                PROVIDE (__preinit_array_start = .)
 *(.preinit_array*)
                0x0000000008003548                PROVIDE (__preinit_array_end = .)
                0x0000000008003548                . = ALIGN (0x4)

.init_array     0x0000000008003548        0x4
                0x0000000008003548                . = ALIGN (0x4)
                0x0000000008003548                PROVIDE (__init_array_start = .)
 *(SORT_BY_NAME(.init_array.*))
 *(.init_array*)
 .init_array    0x0000000008003548        0x4 /opt/st/stm32cubeide_1.0.2/plugins/com.st.stm32cube.ide.mcu.externaltools.gnu-tools-for-stm32.7-2018-q2-update.linux64_1.0.0.201904181610/tools/bin/../lib/gcc/arm-none-eabi/7.3.1/thumb/v7-m/crtbegin.o
                0x000000000800354c                PROVIDE (__init_array_end = .)
                0x000000000800354c                . = ALIGN (0x4)

.fini_array     0x000000000800354c        0x4
                0x000000000800354c                . = ALIGN (0x4)
                [!provide]                        PROVIDE (__fini_array_start = .)
 *(SORT_BY_NAME(.fini_array.*))
 *(.fini_array*)
 .fini_array    0x000000000800354c        0x4 /opt/st/stm32cubeide_1.0.2/plugins/com.st.stm32cube.ide.mcu.externaltools.gnu-tools-for-stm32.7-2018-q2-update.linux64_1.0.0.201904181610/tools/bin/../lib/gcc/arm-none-eabi/7.3.1/thumb/v7-m/crtbegin.o
                [!provide]                        PROVIDE (__fini_array_end = .)
                0x0000000008003550                . = ALIGN (0x4)
                0x0000000008003550                _sidata = LOADADDR (.data)

.data           0x0000000020000000       0x70 load address 0x0000000008003550
                0x0000000020000000                . = ALIGN (0x4)
                0x0000000020000000                _sdata = .
 *(.data)
 *(.data*)
 .data.uwTickPrio
                0x0000000020000000        0x4 Drivers/STM32L1xx_HAL_Driver/Src/stm32l1xx_hal.o
                0x0000000020000000                uwTickPrio
 .data.uwTickFreq
                0x0000000020000004        0x4 Drivers/STM32L1xx_HAL_Driver/Src/stm32l1xx_hal.o
                0x0000000020000004                uwTickFreq
 .data.SystemCoreClock
                0x0000000020000008        0x4 Src/system_stm32l1xx.o
                0x0000000020000008                SystemCoreClock
 .data._impure_ptr
                0x000000002000000c        0x4 /opt/st/stm32cubeide_1.0.2/plugins/com.st.stm32cube.ide.mcu.externaltools.gnu-tools-for-stm32.7-2018-q2-update.linux64_1.0.0.201904181610/tools/bin/../lib/gcc/arm-none-eabi/7.3.1/../../../../arm-none-eabi/lib/thumb/v7-m/libc_nano.a(lib_a-impure.o)
                0x000000002000000c                _impure_ptr
 .data.impure_data
                0x0000000020000010       0x60 /opt/st/stm32cubeide_1.0.2/plugins/com.st.stm32cube.ide.mcu.externaltools.gnu-tools-for-stm32.7-2018-q2-update.linux64_1.0.0.201904181610/tools/bin/../lib/gcc/arm-none-eabi/7.3.1/../../../../arm-none-eabi/lib/thumb/v7-m/libc_nano.a(lib_a-impure.o)
                0x0000000020000070                . = ALIGN (0x4)
                0x0000000020000070                _edata = .

.igot.plt       0x0000000020000070        0x0 load address 0x00000000080035c0
 .igot.plt      0x0000000020000070        0x0 /opt/st/stm32cubeide_1.0.2/plugins/com.st.stm32cube.ide.mcu.externaltools.gnu-tools-for-stm32.7-2018-q2-update.linux64_1.0.0.201904181610/tools/bin/../lib/gcc/arm-none-eabi/7.3.1/thumb/v7-m/crtbegin.o
                0x0000000020000070                . = ALIGN (0x4)

.bss            0x0000000020000070       0xc8 load address 0x00000000080035c0
                0x0000000020000070                _sbss = .
                0x0000000020000070                __bss_start__ = _sbss
 *(.bss)
 .bss           0x0000000020000070       0x1c /opt/st/stm32cubeide_1.0.2/plugins/com.st.stm32cube.ide.mcu.externaltools.gnu-tools-for-stm32.7-2018-q2-update.linux64_1.0.0.201904181610/tools/bin/../lib/gcc/arm-none-eabi/7.3.1/thumb/v7-m/crtbegin.o
 *(.bss*)
 .bss.send_en   0x000000002000008c        0x1 Src/main.o
                0x000000002000008c                send_en
 *fill*         0x000000002000008d        0x3 
 .bss.heap_end.5149
                0x0000000020000090        0x4 Src/sysmem.o
 .bss.__malloc_free_list
                0x0000000020000094        0x4 /opt/st/stm32cubeide_1.0.2/plugins/com.st.stm32cube.ide.mcu.externaltools.gnu-tools-for-stm32.7-2018-q2-update.linux64_1.0.0.201904181610/tools/bin/../lib/gcc/arm-none-eabi/7.3.1/../../../../arm-none-eabi/lib/thumb/v7-m/libc_nano.a(lib_a-nano-mallocr.o)
                0x0000000020000094                __malloc_free_list
 .bss.__malloc_sbrk_start
                0x0000000020000098        0x4 /opt/st/stm32cubeide_1.0.2/plugins/com.st.stm32cube.ide.mcu.externaltools.gnu-tools-for-stm32.7-2018-q2-update.linux64_1.0.0.201904181610/tools/bin/../lib/gcc/arm-none-eabi/7.3.1/../../../../arm-none-eabi/lib/thumb/v7-m/libc_nano.a(lib_a-nano-mallocr.o)
                0x0000000020000098                __malloc_sbrk_start
 *(COMMON)
 COMMON         0x000000002000009c        0x4 Drivers/STM32L1xx_HAL_Driver/Src/stm32l1xx_hal.o
                0x000000002000009c                uwTick
 COMMON         0x00000000200000a0       0x94 Src/main.o
                0x00000000200000a0                huart2
                0x00000000200000e0                hadc
 COMMON         0x0000000020000134        0x4 /opt/st/stm32cubeide_1.0.2/plugins/com.st.stm32cube.ide.mcu.externaltools.gnu-tools-for-stm32.7-2018-q2-update.linux64_1.0.0.201904181610/tools/bin/../lib/gcc/arm-none-eabi/7.3.1/../../../../arm-none-eabi/lib/thumb/v7-m/libc_nano.a(lib_a-reent.o)
                0x0000000020000134                errno
                0x0000000020000138                . = ALIGN (0x4)
                0x0000000020000138                _ebss = .
                0x0000000020000138                __bss_end__ = _ebss

._user_heap_stack
                0x0000000020000138      0x600 load address 0x00000000080035c0
                0x0000000020000138                . = ALIGN (0x8)
                0x0000000020000138                PROVIDE (end = .)
                [!provide]                        PROVIDE (_end = .)
                0x0000000020000338                . = (. + _Min_Heap_Size)
 *fill*         0x0000000020000138      0x200 
                0x0000000020000738                . = (. + _Min_Stack_Size)
 *fill*         0x0000000020000338      0x400 
                0x0000000020000738                . = ALIGN (0x8)

/DISCARD/
 libc.a(*)
 libm.a(*)
 libgcc.a(*)

.ARM.attributes
                0x0000000000000000       0x29
 *(.ARM.attributes)
 .ARM.attributes
                0x0000000000000000       0x1d /opt/st/stm32cubeide_1.0.2/plugins/com.st.stm32cube.ide.mcu.externaltools.gnu-tools-for-stm32.7-2018-q2-update.linux64_1.0.0.201904181610/tools/bin/../lib/gcc/arm-none-eabi/7.3.1/thumb/v7-m/crti.o
 .ARM.attributes
                0x000000000000001d       0x2d /opt/st/stm32cubeide_1.0.2/plugins/com.st.stm32cube.ide.mcu.externaltools.gnu-tools-for-stm32.7-2018-q2-update.linux64_1.0.0.201904181610/tools/bin/../lib/gcc/arm-none-eabi/7.3.1/thumb/v7-m/crtbegin.o
 .ARM.attributes
                0x000000000000004a       0x33 Drivers/STM32L1xx_HAL_Driver/Src/stm32l1xx_hal.o
 .ARM.attributes
                0x000000000000007d       0x33 Drivers/STM32L1xx_HAL_Driver/Src/stm32l1xx_hal_adc.o
 .ARM.attributes
                0x00000000000000b0       0x33 Drivers/STM32L1xx_HAL_Driver/Src/stm32l1xx_hal_cortex.o
 .ARM.attributes
                0x00000000000000e3       0x33 Drivers/STM32L1xx_HAL_Driver/Src/stm32l1xx_hal_gpio.o
 .ARM.attributes
                0x0000000000000116       0x33 Drivers/STM32L1xx_HAL_Driver/Src/stm32l1xx_hal_rcc.o
 .ARM.attributes
                0x0000000000000149       0x33 Drivers/STM32L1xx_HAL_Driver/Src/stm32l1xx_hal_uart.o
 .ARM.attributes
                0x000000000000017c       0x33 Src/main.o
 .ARM.attributes
                0x00000000000001af       0x33 Src/stm32l1xx_hal_msp.o
 .ARM.attributes
                0x00000000000001e2       0x33 Src/stm32l1xx_it.o
 .ARM.attributes
                0x0000000000000215       0x33 Src/syscalls.o
 .ARM.attributes
                0x0000000000000248       0x33 Src/sysmem.o
 .ARM.attributes
                0x000000000000027b       0x33 Src/system_stm32l1xx.o
 .ARM.attributes
                0x00000000000002ae       0x21 Startup/startup_stm32l152rbtx.o
 .ARM.attributes
                0x00000000000002cf       0x2d /opt/st/stm32cubeide_1.0.2/plugins/com.st.stm32cube.ide.mcu.externaltools.gnu-tools-for-stm32.7-2018-q2-update.linux64_1.0.0.201904181610/tools/bin/../lib/gcc/arm-none-eabi/7.3.1/../../../../arm-none-eabi/lib/thumb/v7-m/libc_nano.a(lib_a-errno.o)
 .ARM.attributes
                0x00000000000002fc       0x2d /opt/st/stm32cubeide_1.0.2/plugins/com.st.stm32cube.ide.mcu.externaltools.gnu-tools-for-stm32.7-2018-q2-update.linux64_1.0.0.201904181610/tools/bin/../lib/gcc/arm-none-eabi/7.3.1/../../../../arm-none-eabi/lib/thumb/v7-m/libc_nano.a(lib_a-impure.o)
 .ARM.attributes
                0x0000000000000329       0x2d /opt/st/stm32cubeide_1.0.2/plugins/com.st.stm32cube.ide.mcu.externaltools.gnu-tools-for-stm32.7-2018-q2-update.linux64_1.0.0.201904181610/tools/bin/../lib/gcc/arm-none-eabi/7.3.1/../../../../arm-none-eabi/lib/thumb/v7-m/libc_nano.a(lib_a-init.o)
 .ARM.attributes
                0x0000000000000356       0x2d /opt/st/stm32cubeide_1.0.2/plugins/com.st.stm32cube.ide.mcu.externaltools.gnu-tools-for-stm32.7-2018-q2-update.linux64_1.0.0.201904181610/tools/bin/../lib/gcc/arm-none-eabi/7.3.1/../../../../arm-none-eabi/lib/thumb/v7-m/libc_nano.a(lib_a-memset.o)
 .ARM.attributes
                0x0000000000000383       0x2d /opt/st/stm32cubeide_1.0.2/plugins/com.st.stm32cube.ide.mcu.externaltools.gnu-tools-for-stm32.7-2018-q2-update.linux64_1.0.0.201904181610/tools/bin/../lib/gcc/arm-none-eabi/7.3.1/../../../../arm-none-eabi/lib/thumb/v7-m/libc_nano.a(lib_a-printf.o)
 .ARM.attributes
                0x00000000000003b0       0x2d /opt/st/stm32cubeide_1.0.2/plugins/com.st.stm32cube.ide.mcu.externaltools.gnu-tools-for-stm32.7-2018-q2-update.linux64_1.0.0.201904181610/tools/bin/../lib/gcc/arm-none-eabi/7.3.1/../../../../arm-none-eabi/lib/thumb/v7-m/libc_nano.a(lib_a-putchar.o)
 .ARM.attributes
                0x00000000000003dd       0x2d /opt/st/stm32cubeide_1.0.2/plugins/com.st.stm32cube.ide.mcu.externaltools.gnu-tools-for-stm32.7-2018-q2-update.linux64_1.0.0.201904181610/tools/bin/../lib/gcc/arm-none-eabi/7.3.1/../../../../arm-none-eabi/lib/thumb/v7-m/libc_nano.a(lib_a-findfp.o)
 .ARM.attributes
                0x000000000000040a       0x2d /opt/st/stm32cubeide_1.0.2/plugins/com.st.stm32cube.ide.mcu.externaltools.gnu-tools-for-stm32.7-2018-q2-update.linux64_1.0.0.201904181610/tools/bin/../lib/gcc/arm-none-eabi/7.3.1/../../../../arm-none-eabi/lib/thumb/v7-m/libc_nano.a(lib_a-fwalk.o)
 .ARM.attributes
                0x0000000000000437       0x2d /opt/st/stm32cubeide_1.0.2/plugins/com.st.stm32cube.ide.mcu.externaltools.gnu-tools-for-stm32.7-2018-q2-update.linux64_1.0.0.201904181610/tools/bin/../lib/gcc/arm-none-eabi/7.3.1/../../../../arm-none-eabi/lib/thumb/v7-m/libc_nano.a(lib_a-nano-mallocr.o)
 .ARM.attributes
                0x0000000000000464       0x2d /opt/st/stm32cubeide_1.0.2/plugins/com.st.stm32cube.ide.mcu.externaltools.gnu-tools-for-stm32.7-2018-q2-update.linux64_1.0.0.201904181610/tools/bin/../lib/gcc/arm-none-eabi/7.3.1/../../../../arm-none-eabi/lib/thumb/v7-m/libc_nano.a(lib_a-nano-vfprintf.o)
 .ARM.attributes
                0x0000000000000491       0x2d /opt/st/stm32cubeide_1.0.2/plugins/com.st.stm32cube.ide.mcu.externaltools.gnu-tools-for-stm32.7-2018-q2-update.linux64_1.0.0.201904181610/tools/bin/../lib/gcc/arm-none-eabi/7.3.1/../../../../arm-none-eabi/lib/thumb/v7-m/libc_nano.a(lib_a-nano-vfprintf_i.o)
 .ARM.attributes
                0x00000000000004be       0x2d /opt/st/stm32cubeide_1.0.2/plugins/com.st.stm32cube.ide.mcu.externaltools.gnu-tools-for-stm32.7-2018-q2-update.linux64_1.0.0.201904181610/tools/bin/../lib/gcc/arm-none-eabi/7.3.1/../../../../arm-none-eabi/lib/thumb/v7-m/libc_nano.a(lib_a-putc.o)
 .ARM.attributes
                0x00000000000004eb       0x2d /opt/st/stm32cubeide_1.0.2/plugins/com.st.stm32cube.ide.mcu.externaltools.gnu-tools-for-stm32.7-2018-q2-update.linux64_1.0.0.201904181610/tools/bin/../lib/gcc/arm-none-eabi/7.3.1/../../../../arm-none-eabi/lib/thumb/v7-m/libc_nano.a(lib_a-sbrkr.o)
 .ARM.attributes
                0x0000000000000518       0x2d /opt/st/stm32cubeide_1.0.2/plugins/com.st.stm32cube.ide.mcu.externaltools.gnu-tools-for-stm32.7-2018-q2-update.linux64_1.0.0.201904181610/tools/bin/../lib/gcc/arm-none-eabi/7.3.1/../../../../arm-none-eabi/lib/thumb/v7-m/libc_nano.a(lib_a-stdio.o)
 .ARM.attributes
                0x0000000000000545       0x2d /opt/st/stm32cubeide_1.0.2/plugins/com.st.stm32cube.ide.mcu.externaltools.gnu-tools-for-stm32.7-2018-q2-update.linux64_1.0.0.201904181610/tools/bin/../lib/gcc/arm-none-eabi/7.3.1/../../../../arm-none-eabi/lib/thumb/v7-m/libc_nano.a(lib_a-wbuf.o)
 .ARM.attributes
                0x0000000000000572       0x2d /opt/st/stm32cubeide_1.0.2/plugins/com.st.stm32cube.ide.mcu.externaltools.gnu-tools-for-stm32.7-2018-q2-update.linux64_1.0.0.201904181610/tools/bin/../lib/gcc/arm-none-eabi/7.3.1/../../../../arm-none-eabi/lib/thumb/v7-m/libc_nano.a(lib_a-writer.o)
 .ARM.attributes
                0x000000000000059f       0x2d /opt/st/stm32cubeide_1.0.2/plugins/com.st.stm32cube.ide.mcu.externaltools.gnu-tools-for-stm32.7-2018-q2-update.linux64_1.0.0.201904181610/tools/bin/../lib/gcc/arm-none-eabi/7.3.1/../../../../arm-none-eabi/lib/thumb/v7-m/libc_nano.a(lib_a-wsetup.o)
 .ARM.attributes
                0x00000000000005cc       0x2d /opt/st/stm32cubeide_1.0.2/plugins/com.st.stm32cube.ide.mcu.externaltools.gnu-tools-for-stm32.7-2018-q2-update.linux64_1.0.0.201904181610/tools/bin/../lib/gcc/arm-none-eabi/7.3.1/../../../../arm-none-eabi/lib/thumb/v7-m/libc_nano.a(lib_a-closer.o)
 .ARM.attributes
                0x00000000000005f9       0x2d /opt/st/stm32cubeide_1.0.2/plugins/com.st.stm32cube.ide.mcu.externaltools.gnu-tools-for-stm32.7-2018-q2-update.linux64_1.0.0.201904181610/tools/bin/../lib/gcc/arm-none-eabi/7.3.1/../../../../arm-none-eabi/lib/thumb/v7-m/libc_nano.a(lib_a-fflush.o)
 .ARM.attributes
                0x0000000000000626       0x2d /opt/st/stm32cubeide_1.0.2/plugins/com.st.stm32cube.ide.mcu.externaltools.gnu-tools-for-stm32.7-2018-q2-update.linux64_1.0.0.201904181610/tools/bin/../lib/gcc/arm-none-eabi/7.3.1/../../../../arm-none-eabi/lib/thumb/v7-m/libc_nano.a(lib_a-lseekr.o)
 .ARM.attributes
                0x0000000000000653       0x2d /opt/st/stm32cubeide_1.0.2/plugins/com.st.stm32cube.ide.mcu.externaltools.gnu-tools-for-stm32.7-2018-q2-update.linux64_1.0.0.201904181610/tools/bin/../lib/gcc/arm-none-eabi/7.3.1/../../../../arm-none-eabi/lib/thumb/v7-m/libc_nano.a(lib_a-makebuf.o)
 .ARM.attributes
                0x0000000000000680       0x2d /opt/st/stm32cubeide_1.0.2/plugins/com.st.stm32cube.ide.mcu.externaltools.gnu-tools-for-stm32.7-2018-q2-update.linux64_1.0.0.201904181610/tools/bin/../lib/gcc/arm-none-eabi/7.3.1/../../../../arm-none-eabi/lib/thumb/v7-m/libc_nano.a(lib_a-memchr-stub.o)
 .ARM.attributes
                0x00000000000006ad       0x2d /opt/st/stm32cubeide_1.0.2/plugins/com.st.stm32cube.ide.mcu.externaltools.gnu-tools-for-stm32.7-2018-q2-update.linux64_1.0.0.201904181610/tools/bin/../lib/gcc/arm-none-eabi/7.3.1/../../../../arm-none-eabi/lib/thumb/v7-m/libc_nano.a(lib_a-mlock.o)
 .ARM.attributes
                0x00000000000006da       0x2d /opt/st/stm32cubeide_1.0.2/plugins/com.st.stm32cube.ide.mcu.externaltools.gnu-tools-for-stm32.7-2018-q2-update.linux64_1.0.0.201904181610/tools/bin/../lib/gcc/arm-none-eabi/7.3.1/../../../../arm-none-eabi/lib/thumb/v7-m/libc_nano.a(lib_a-nano-freer.o)
 .ARM.attributes
                0x0000000000000707       0x2d /opt/st/stm32cubeide_1.0.2/plugins/com.st.stm32cube.ide.mcu.externaltools.gnu-tools-for-stm32.7-2018-q2-update.linux64_1.0.0.201904181610/tools/bin/../lib/gcc/arm-none-eabi/7.3.1/../../../../arm-none-eabi/lib/thumb/v7-m/libc_nano.a(lib_a-readr.o)
 .ARM.attributes
                0x0000000000000734       0x2d /opt/st/stm32cubeide_1.0.2/plugins/com.st.stm32cube.ide.mcu.externaltools.gnu-tools-for-stm32.7-2018-q2-update.linux64_1.0.0.201904181610/tools/bin/../lib/gcc/arm-none-eabi/7.3.1/../../../../arm-none-eabi/lib/thumb/v7-m/libc_nano.a(lib_a-reent.o)
 .ARM.attributes
                0x0000000000000761       0x2d /opt/st/stm32cubeide_1.0.2/plugins/com.st.stm32cube.ide.mcu.externaltools.gnu-tools-for-stm32.7-2018-q2-update.linux64_1.0.0.201904181610/tools/bin/../lib/gcc/arm-none-eabi/7.3.1/../../../../arm-none-eabi/lib/thumb/v7-m/libc_nano.a(lib_a-fstatr.o)
 .ARM.attributes
                0x000000000000078e       0x2d /opt/st/stm32cubeide_1.0.2/plugins/com.st.stm32cube.ide.mcu.externaltools.gnu-tools-for-stm32.7-2018-q2-update.linux64_1.0.0.201904181610/tools/bin/../lib/gcc/arm-none-eabi/7.3.1/../../../../arm-none-eabi/lib/thumb/v7-m/libc_nano.a(lib_a-isattyr.o)
 .ARM.attributes
                0x00000000000007bb       0x1d /opt/st/stm32cubeide_1.0.2/plugins/com.st.stm32cube.ide.mcu.externaltools.gnu-tools-for-stm32.7-2018-q2-update.linux64_1.0.0.201904181610/tools/bin/../lib/gcc/arm-none-eabi/7.3.1/thumb/v7-m/crtn.o
OUTPUT(Project.elf elf32-littlearm)

.debug_info     0x0000000000000000     0x7d57
 .debug_info    0x0000000000000000      0x6e0 Drivers/STM32L1xx_HAL_Driver/Src/stm32l1xx_hal.o
 .debug_info    0x00000000000006e0      0xec0 Drivers/STM32L1xx_HAL_Driver/Src/stm32l1xx_hal_adc.o
 .debug_info    0x00000000000015a0      0xd48 Drivers/STM32L1xx_HAL_Driver/Src/stm32l1xx_hal_cortex.o
 .debug_info    0x00000000000022e8      0x690 Drivers/STM32L1xx_HAL_Driver/Src/stm32l1xx_hal_gpio.o
 .debug_info    0x0000000000002978      0x8e8 Drivers/STM32L1xx_HAL_Driver/Src/stm32l1xx_hal_rcc.o
 .debug_info    0x0000000000003260     0x11dd Drivers/STM32L1xx_HAL_Driver/Src/stm32l1xx_hal_uart.o
 .debug_info    0x000000000000443d      0xf63 Src/main.o
 .debug_info    0x00000000000053a0      0xb1b Src/stm32l1xx_hal_msp.o
 .debug_info    0x0000000000005ebb      0x22e Src/stm32l1xx_it.o
 .debug_info    0x00000000000060e9      0xebd Src/syscalls.o
 .debug_info    0x0000000000006fa6      0x91c Src/sysmem.o
 .debug_info    0x00000000000078c2      0x473 Src/system_stm32l1xx.o
 .debug_info    0x0000000000007d35       0x22 Startup/startup_stm32l152rbtx.o

.debug_abbrev   0x0000000000000000     0x17db
 .debug_abbrev  0x0000000000000000      0x21b Drivers/STM32L1xx_HAL_Driver/Src/stm32l1xx_hal.o
 .debug_abbrev  0x000000000000021b      0x244 Drivers/STM32L1xx_HAL_Driver/Src/stm32l1xx_hal_adc.o
 .debug_abbrev  0x000000000000045f      0x2fa Drivers/STM32L1xx_HAL_Driver/Src/stm32l1xx_hal_cortex.o
 .debug_abbrev  0x0000000000000759      0x1c9 Drivers/STM32L1xx_HAL_Driver/Src/stm32l1xx_hal_gpio.o
 .debug_abbrev  0x0000000000000922      0x254 Drivers/STM32L1xx_HAL_Driver/Src/stm32l1xx_hal_rcc.o
 .debug_abbrev  0x0000000000000b76      0x251 Drivers/STM32L1xx_HAL_Driver/Src/stm32l1xx_hal_uart.o
 .debug_abbrev  0x0000000000000dc7      0x283 Src/main.o
 .debug_abbrev  0x000000000000104a      0x1a6 Src/stm32l1xx_hal_msp.o
 .debug_abbrev  0x00000000000011f0       0xac Src/stm32l1xx_it.o
 .debug_abbrev  0x000000000000129c      0x261 Src/syscalls.o
 .debug_abbrev  0x00000000000014fd      0x1bb Src/sysmem.o
 .debug_abbrev  0x00000000000016b8      0x111 Src/system_stm32l1xx.o
 .debug_abbrev  0x00000000000017c9       0x12 Startup/startup_stm32l152rbtx.o

.debug_aranges  0x0000000000000000      0x7c0
 .debug_aranges
                0x0000000000000000       0xe0 Drivers/STM32L1xx_HAL_Driver/Src/stm32l1xx_hal.o
 .debug_aranges
                0x00000000000000e0       0xf0 Drivers/STM32L1xx_HAL_Driver/Src/stm32l1xx_hal_adc.o
 .debug_aranges
                0x00000000000001d0      0x118 Drivers/STM32L1xx_HAL_Driver/Src/stm32l1xx_hal_cortex.o
 .debug_aranges
                0x00000000000002e8       0x58 Drivers/STM32L1xx_HAL_Driver/Src/stm32l1xx_hal_gpio.o
 .debug_aranges
                0x0000000000000340       0x90 Drivers/STM32L1xx_HAL_Driver/Src/stm32l1xx_hal_rcc.o
 .debug_aranges
                0x00000000000003d0      0x1d0 Drivers/STM32L1xx_HAL_Driver/Src/stm32l1xx_hal_uart.o
 .debug_aranges
                0x00000000000005a0       0x60 Src/main.o
 .debug_aranges
                0x0000000000000600       0x40 Src/stm32l1xx_hal_msp.o
 .debug_aranges
                0x0000000000000640       0x68 Src/stm32l1xx_it.o
 .debug_aranges
                0x00000000000006a8       0xa8 Src/syscalls.o
 .debug_aranges
                0x0000000000000750       0x20 Src/sysmem.o
 .debug_aranges
                0x0000000000000770       0x28 Src/system_stm32l1xx.o
 .debug_aranges
                0x0000000000000798       0x28 Startup/startup_stm32l152rbtx.o

.debug_ranges   0x0000000000000000      0x6f8
 .debug_ranges  0x0000000000000000       0xd0 Drivers/STM32L1xx_HAL_Driver/Src/stm32l1xx_hal.o
 .debug_ranges  0x00000000000000d0       0xe0 Drivers/STM32L1xx_HAL_Driver/Src/stm32l1xx_hal_adc.o
 .debug_ranges  0x00000000000001b0      0x108 Drivers/STM32L1xx_HAL_Driver/Src/stm32l1xx_hal_cortex.o
 .debug_ranges  0x00000000000002b8       0x48 Drivers/STM32L1xx_HAL_Driver/Src/stm32l1xx_hal_gpio.o
 .debug_ranges  0x0000000000000300       0x80 Drivers/STM32L1xx_HAL_Driver/Src/stm32l1xx_hal_rcc.o
 .debug_ranges  0x0000000000000380      0x1c0 Drivers/STM32L1xx_HAL_Driver/Src/stm32l1xx_hal_uart.o
 .debug_ranges  0x0000000000000540       0x50 Src/main.o
 .debug_ranges  0x0000000000000590       0x30 Src/stm32l1xx_hal_msp.o
 .debug_ranges  0x00000000000005c0       0x58 Src/stm32l1xx_it.o
 .debug_ranges  0x0000000000000618       0x98 Src/syscalls.o
 .debug_ranges  0x00000000000006b0       0x10 Src/sysmem.o
 .debug_ranges  0x00000000000006c0       0x18 Src/system_stm32l1xx.o
 .debug_ranges  0x00000000000006d8       0x20 Startup/startup_stm32l152rbtx.o

.debug_macro    0x0000000000000000    0x14f0b
 .debug_macro   0x0000000000000000      0x1c9 Drivers/STM32L1xx_HAL_Driver/Src/stm32l1xx_hal.o
 .debug_macro   0x00000000000001c9      0xa5a Drivers/STM32L1xx_HAL_Driver/Src/stm32l1xx_hal.o
 .debug_macro   0x0000000000000c23      0x10c Drivers/STM32L1xx_HAL_Driver/Src/stm32l1xx_hal.o
 .debug_macro   0x0000000000000d2f       0x2e Drivers/STM32L1xx_HAL_Driver/Src/stm32l1xx_hal.o
 .debug_macro   0x0000000000000d5d       0x22 Drivers/STM32L1xx_HAL_Driver/Src/stm32l1xx_hal.o
 .debug_macro   0x0000000000000d7f       0x22 Drivers/STM32L1xx_HAL_Driver/Src/stm32l1xx_hal.o
 .debug_macro   0x0000000000000da1       0x8e Drivers/STM32L1xx_HAL_Driver/Src/stm32l1xx_hal.o
 .debug_macro   0x0000000000000e2f       0x51 Drivers/STM32L1xx_HAL_Driver/Src/stm32l1xx_hal.o
 .debug_macro   0x0000000000000e80       0xef Drivers/STM32L1xx_HAL_Driver/Src/stm32l1xx_hal.o
 .debug_macro   0x0000000000000f6f       0x6a Drivers/STM32L1xx_HAL_Driver/Src/stm32l1xx_hal.o
 .debug_macro   0x0000000000000fd9      0x1df Drivers/STM32L1xx_HAL_Driver/Src/stm32l1xx_hal.o
 .debug_macro   0x00000000000011b8       0x1c Drivers/STM32L1xx_HAL_Driver/Src/stm32l1xx_hal.o
 .debug_macro   0x00000000000011d4       0x22 Drivers/STM32L1xx_HAL_Driver/Src/stm32l1xx_hal.o
 .debug_macro   0x00000000000011f6       0xc3 Drivers/STM32L1xx_HAL_Driver/Src/stm32l1xx_hal.o
 .debug_macro   0x00000000000012b9      0xe49 Drivers/STM32L1xx_HAL_Driver/Src/stm32l1xx_hal.o
 .debug_macro   0x0000000000002102      0x11f Drivers/STM32L1xx_HAL_Driver/Src/stm32l1xx_hal.o
 .debug_macro   0x0000000000002221     0xa659 Drivers/STM32L1xx_HAL_Driver/Src/stm32l1xx_hal.o
 .debug_macro   0x000000000000c87a       0x43 Drivers/STM32L1xx_HAL_Driver/Src/stm32l1xx_hal.o
 .debug_macro   0x000000000000c8bd     0x3468 Drivers/STM32L1xx_HAL_Driver/Src/stm32l1xx_hal.o
 .debug_macro   0x000000000000fd25      0x174 Drivers/STM32L1xx_HAL_Driver/Src/stm32l1xx_hal.o
 .debug_macro   0x000000000000fe99       0x5b Drivers/STM32L1xx_HAL_Driver/Src/stm32l1xx_hal.o
 .debug_macro   0x000000000000fef4      0xe38 Drivers/STM32L1xx_HAL_Driver/Src/stm32l1xx_hal.o
 .debug_macro   0x0000000000010d2c       0xbd Drivers/STM32L1xx_HAL_Driver/Src/stm32l1xx_hal.o
 .debug_macro   0x0000000000010de9      0x13b Drivers/STM32L1xx_HAL_Driver/Src/stm32l1xx_hal.o
 .debug_macro   0x0000000000010f24       0xad Drivers/STM32L1xx_HAL_Driver/Src/stm32l1xx_hal.o
 .debug_macro   0x0000000000010fd1      0x21e Drivers/STM32L1xx_HAL_Driver/Src/stm32l1xx_hal.o
 .debug_macro   0x00000000000111ef      0x236 Drivers/STM32L1xx_HAL_Driver/Src/stm32l1xx_hal.o
 .debug_macro   0x0000000000011425      0x631 Drivers/STM32L1xx_HAL_Driver/Src/stm32l1xx_hal.o
 .debug_macro   0x0000000000011a56      0x15e Drivers/STM32L1xx_HAL_Driver/Src/stm32l1xx_hal.o
 .debug_macro   0x0000000000011bb4      0x107 Drivers/STM32L1xx_HAL_Driver/Src/stm32l1xx_hal.o
 .debug_macro   0x0000000000011cbb      0x281 Drivers/STM32L1xx_HAL_Driver/Src/stm32l1xx_hal.o
 .debug_macro   0x0000000000011f3c      0x1e9 Drivers/STM32L1xx_HAL_Driver/Src/stm32l1xx_hal.o
 .debug_macro   0x0000000000012125       0x22 Drivers/STM32L1xx_HAL_Driver/Src/stm32l1xx_hal.o
 .debug_macro   0x0000000000012147      0x287 Drivers/STM32L1xx_HAL_Driver/Src/stm32l1xx_hal.o
 .debug_macro   0x00000000000123ce      0x3ce Drivers/STM32L1xx_HAL_Driver/Src/stm32l1xx_hal.o
 .debug_macro   0x000000000001279c      0x1c2 Drivers/STM32L1xx_HAL_Driver/Src/stm32l1xx_hal_adc.o
 .debug_macro   0x000000000001295e      0x1a5 Drivers/STM32L1xx_HAL_Driver/Src/stm32l1xx_hal_cortex.o
 .debug_macro   0x0000000000012b03      0x1dd Drivers/STM32L1xx_HAL_Driver/Src/stm32l1xx_hal_gpio.o
 .debug_macro   0x0000000000012ce0      0x1b7 Drivers/STM32L1xx_HAL_Driver/Src/stm32l1xx_hal_rcc.o
 .debug_macro   0x0000000000012e97      0x1a6 Drivers/STM32L1xx_HAL_Driver/Src/stm32l1xx_hal_uart.o
 .debug_macro   0x000000000001303d      0x1c1 Src/main.o
 .debug_macro   0x00000000000131fe      0x1af Src/stm32l1xx_hal_msp.o
 .debug_macro   0x00000000000133ad      0x1b9 Src/stm32l1xx_it.o
 .debug_macro   0x0000000000013566      0x243 Src/syscalls.o
 .debug_macro   0x00000000000137a9       0x40 Src/syscalls.o
 .debug_macro   0x00000000000137e9       0x18 Src/syscalls.o
 .debug_macro   0x0000000000013801       0x94 Src/syscalls.o
 .debug_macro   0x0000000000013895       0x3c Src/syscalls.o
 .debug_macro   0x00000000000138d1       0x34 Src/syscalls.o
 .debug_macro   0x0000000000013905       0x57 Src/syscalls.o
 .debug_macro   0x000000000001395c      0x330 Src/syscalls.o
 .debug_macro   0x0000000000013c8c       0x52 Src/syscalls.o
 .debug_macro   0x0000000000013cde       0x1f Src/syscalls.o
 .debug_macro   0x0000000000013cfd       0x43 Src/syscalls.o
 .debug_macro   0x0000000000013d40       0x20 Src/syscalls.o
 .debug_macro   0x0000000000013d60      0x1a3 Src/syscalls.o
 .debug_macro   0x0000000000013f03       0x10 Src/syscalls.o
 .debug_macro   0x0000000000013f13       0x35 Src/syscalls.o
 .debug_macro   0x0000000000013f48       0x10 Src/syscalls.o
 .debug_macro   0x0000000000013f58       0x10 Src/syscalls.o
 .debug_macro   0x0000000000013f68       0x10 Src/syscalls.o
 .debug_macro   0x0000000000013f78       0x1c Src/syscalls.o
 .debug_macro   0x0000000000013f94       0x52 Src/syscalls.o
 .debug_macro   0x0000000000013fe6       0x40 Src/syscalls.o
 .debug_macro   0x0000000000014026       0x10 Src/syscalls.o
 .debug_macro   0x0000000000014036       0x40 Src/syscalls.o
 .debug_macro   0x0000000000014076       0xd7 Src/syscalls.o
 .debug_macro   0x000000000001414d       0x1c Src/syscalls.o
 .debug_macro   0x0000000000014169       0x3d Src/syscalls.o
 .debug_macro   0x00000000000141a6       0x35 Src/syscalls.o
 .debug_macro   0x00000000000141db      0x122 Src/syscalls.o
 .debug_macro   0x00000000000142fd       0x16 Src/syscalls.o
 .debug_macro   0x0000000000014313       0x16 Src/syscalls.o
 .debug_macro   0x0000000000014329       0x29 Src/syscalls.o
 .debug_macro   0x0000000000014352       0x10 Src/syscalls.o
 .debug_macro   0x0000000000014362      0x241 Src/syscalls.o
 .debug_macro   0x00000000000145a3       0x1c Src/syscalls.o
 .debug_macro   0x00000000000145bf       0x10 Src/syscalls.o
 .debug_macro   0x00000000000145cf       0x10 Src/syscalls.o
 .debug_macro   0x00000000000145df       0x16 Src/syscalls.o
 .debug_macro   0x00000000000145f5      0x145 Src/syscalls.o
 .debug_macro   0x000000000001473a      0x189 Src/syscalls.o
 .debug_macro   0x00000000000148c3       0x16 Src/syscalls.o
 .debug_macro   0x00000000000148d9       0x88 Src/syscalls.o
 .debug_macro   0x0000000000014961      0x1ae Src/sysmem.o
 .debug_macro   0x0000000000014b0f      0x23b Src/sysmem.o
 .debug_macro   0x0000000000014d4a       0x16 Src/sysmem.o
 .debug_macro   0x0000000000014d60      0x1ab Src/system_stm32l1xx.o

.debug_line     0x0000000000000000     0x6633
 .debug_line    0x0000000000000000      0x842 Drivers/STM32L1xx_HAL_Driver/Src/stm32l1xx_hal.o
 .debug_line    0x0000000000000842      0xafe Drivers/STM32L1xx_HAL_Driver/Src/stm32l1xx_hal_adc.o
 .debug_line    0x0000000000001340      0x98d Drivers/STM32L1xx_HAL_Driver/Src/stm32l1xx_hal_cortex.o
 .debug_line    0x0000000000001ccd      0x7f8 Drivers/STM32L1xx_HAL_Driver/Src/stm32l1xx_hal_gpio.o
 .debug_line    0x00000000000024c5      0x96b Drivers/STM32L1xx_HAL_Driver/Src/stm32l1xx_hal_rcc.o
 .debug_line    0x0000000000002e30      0xf5a Drivers/STM32L1xx_HAL_Driver/Src/stm32l1xx_hal_uart.o
 .debug_line    0x0000000000003d8a      0x798 Src/main.o
 .debug_line    0x0000000000004522      0x6b7 Src/stm32l1xx_hal_msp.o
 .debug_line    0x0000000000004bd9      0x717 Src/stm32l1xx_it.o
 .debug_line    0x00000000000052f0      0x710 Src/syscalls.o
 .debug_line    0x0000000000005a00      0x52c Src/sysmem.o
 .debug_line    0x0000000000005f2c      0x688 Src/system_stm32l1xx.o
 .debug_line    0x00000000000065b4       0x7f Startup/startup_stm32l152rbtx.o

.debug_str      0x0000000000000000    0x80201
 .debug_str     0x0000000000000000    0x794cc Drivers/STM32L1xx_HAL_Driver/Src/stm32l1xx_hal.o
                                      0x79822 (size before relaxing)
 .debug_str     0x00000000000794cc      0x6c8 Drivers/STM32L1xx_HAL_Driver/Src/stm32l1xx_hal_adc.o
                                      0x79938 (size before relaxing)
 .debug_str     0x0000000000079b94      0x418 Drivers/STM32L1xx_HAL_Driver/Src/stm32l1xx_hal_cortex.o
                                      0x79961 (size before relaxing)
 .debug_str     0x0000000000079fac      0x293 Drivers/STM32L1xx_HAL_Driver/Src/stm32l1xx_hal_gpio.o
                                      0x7946b (size before relaxing)
 .debug_str     0x000000000007a23f      0x3c9 Drivers/STM32L1xx_HAL_Driver/Src/stm32l1xx_hal_rcc.o
                                      0x7962e (size before relaxing)
 .debug_str     0x000000000007a608      0x6e3 Drivers/STM32L1xx_HAL_Driver/Src/stm32l1xx_hal_uart.o
                                      0x79a90 (size before relaxing)
 .debug_str     0x000000000007aceb      0x123 Src/main.o
                                      0x79cf7 (size before relaxing)
 .debug_str     0x000000000007ae0e       0x1b Src/stm32l1xx_hal_msp.o
                                      0x797dd (size before relaxing)
 .debug_str     0x000000000007ae29       0xc9 Src/stm32l1xx_it.o
                                      0x791fc (size before relaxing)
 .debug_str     0x000000000007aef2     0x523b Src/syscalls.o
                                       0x885b (size before relaxing)
 .debug_str     0x000000000008012d       0x31 Src/sysmem.o
                                       0x7ab4 (size before relaxing)
 .debug_str     0x000000000008015e       0x72 Src/system_stm32l1xx.o
                                      0x79242 (size before relaxing)
 .debug_str     0x00000000000801d0       0x31 Startup/startup_stm32l152rbtx.o
                                         0x64 (size before relaxing)

.comment        0x0000000000000000       0x7b
 .comment       0x0000000000000000       0x7b Drivers/STM32L1xx_HAL_Driver/Src/stm32l1xx_hal.o
                                         0x7c (size before relaxing)
 .comment       0x000000000000007b       0x7c Drivers/STM32L1xx_HAL_Driver/Src/stm32l1xx_hal_adc.o
 .comment       0x000000000000007b       0x7c Drivers/STM32L1xx_HAL_Driver/Src/stm32l1xx_hal_cortex.o
 .comment       0x000000000000007b       0x7c Drivers/STM32L1xx_HAL_Driver/Src/stm32l1xx_hal_gpio.o
 .comment       0x000000000000007b       0x7c Drivers/STM32L1xx_HAL_Driver/Src/stm32l1xx_hal_rcc.o
 .comment       0x000000000000007b       0x7c Drivers/STM32L1xx_HAL_Driver/Src/stm32l1xx_hal_uart.o
 .comment       0x000000000000007b       0x7c Src/main.o
 .comment       0x000000000000007b       0x7c Src/stm32l1xx_hal_msp.o
 .comment       0x000000000000007b       0x7c Src/stm32l1xx_it.o
 .comment       0x000000000000007b       0x7c Src/syscalls.o
 .comment       0x000000000000007b       0x7c Src/sysmem.o
 .comment       0x000000000000007b       0x7c Src/system_stm32l1xx.o

.debug_frame    0x0000000000000000     0x25f4
 .debug_frame   0x0000000000000000      0x33c Drivers/STM32L1xx_HAL_Driver/Src/stm32l1xx_hal.o
 .debug_frame   0x000000000000033c      0x40c Drivers/STM32L1xx_HAL_Driver/Src/stm32l1xx_hal_adc.o
 .debug_frame   0x0000000000000748      0x498 Drivers/STM32L1xx_HAL_Driver/Src/stm32l1xx_hal_cortex.o
 .debug_frame   0x0000000000000be0      0x14c Drivers/STM32L1xx_HAL_Driver/Src/stm32l1xx_hal_gpio.o
 .debug_frame   0x0000000000000d2c      0x21c Drivers/STM32L1xx_HAL_Driver/Src/stm32l1xx_hal_rcc.o
 .debug_frame   0x0000000000000f48      0x838 Drivers/STM32L1xx_HAL_Driver/Src/stm32l1xx_hal_uart.o
 .debug_frame   0x0000000000001780      0x148 Src/main.o
 .debug_frame   0x00000000000018c8       0xd0 Src/stm32l1xx_hal_msp.o
 .debug_frame   0x0000000000001998      0x128 Src/stm32l1xx_it.o
 .debug_frame   0x0000000000001ac0      0x2ac Src/syscalls.o
 .debug_frame   0x0000000000001d6c       0x34 Src/sysmem.o
 .debug_frame   0x0000000000001da0       0x58 Src/system_stm32l1xx.o
 .debug_frame   0x0000000000001df8       0x20 /opt/st/stm32cubeide_1.0.2/plugins/com.st.stm32cube.ide.mcu.externaltools.gnu-tools-for-stm32.7-2018-q2-update.linux64_1.0.0.201904181610/tools/bin/../lib/gcc/arm-none-eabi/7.3.1/../../../../arm-none-eabi/lib/thumb/v7-m/libc_nano.a(lib_a-errno.o)
 .debug_frame   0x0000000000001e18       0x2c /opt/st/stm32cubeide_1.0.2/plugins/com.st.stm32cube.ide.mcu.externaltools.gnu-tools-for-stm32.7-2018-q2-update.linux64_1.0.0.201904181610/tools/bin/../lib/gcc/arm-none-eabi/7.3.1/../../../../arm-none-eabi/lib/thumb/v7-m/libc_nano.a(lib_a-init.o)
 .debug_frame   0x0000000000001e44       0x20 /opt/st/stm32cubeide_1.0.2/plugins/com.st.stm32cube.ide.mcu.externaltools.gnu-tools-for-stm32.7-2018-q2-update.linux64_1.0.0.201904181610/tools/bin/../lib/gcc/arm-none-eabi/7.3.1/../../../../arm-none-eabi/lib/thumb/v7-m/libc_nano.a(lib_a-memset.o)
 .debug_frame   0x0000000000001e64       0x74 /opt/st/stm32cubeide_1.0.2/plugins/com.st.stm32cube.ide.mcu.externaltools.gnu-tools-for-stm32.7-2018-q2-update.linux64_1.0.0.201904181610/tools/bin/../lib/gcc/arm-none-eabi/7.3.1/../../../../arm-none-eabi/lib/thumb/v7-m/libc_nano.a(lib_a-printf.o)
 .debug_frame   0x0000000000001ed8       0x58 /opt/st/stm32cubeide_1.0.2/plugins/com.st.stm32cube.ide.mcu.externaltools.gnu-tools-for-stm32.7-2018-q2-update.linux64_1.0.0.201904181610/tools/bin/../lib/gcc/arm-none-eabi/7.3.1/../../../../arm-none-eabi/lib/thumb/v7-m/libc_nano.a(lib_a-putchar.o)
 .debug_frame   0x0000000000001f30      0x11c /opt/st/stm32cubeide_1.0.2/plugins/com.st.stm32cube.ide.mcu.externaltools.gnu-tools-for-stm32.7-2018-q2-update.linux64_1.0.0.201904181610/tools/bin/../lib/gcc/arm-none-eabi/7.3.1/../../../../arm-none-eabi/lib/thumb/v7-m/libc_nano.a(lib_a-findfp.o)
 .debug_frame   0x000000000000204c       0x54 /opt/st/stm32cubeide_1.0.2/plugins/com.st.stm32cube.ide.mcu.externaltools.gnu-tools-for-stm32.7-2018-q2-update.linux64_1.0.0.201904181610/tools/bin/../lib/gcc/arm-none-eabi/7.3.1/../../../../arm-none-eabi/lib/thumb/v7-m/libc_nano.a(lib_a-fwalk.o)
 .debug_frame   0x00000000000020a0       0x2c /opt/st/stm32cubeide_1.0.2/plugins/com.st.stm32cube.ide.mcu.externaltools.gnu-tools-for-stm32.7-2018-q2-update.linux64_1.0.0.201904181610/tools/bin/../lib/gcc/arm-none-eabi/7.3.1/../../../../arm-none-eabi/lib/thumb/v7-m/libc_nano.a(lib_a-nano-mallocr.o)
 .debug_frame   0x00000000000020cc       0xac /opt/st/stm32cubeide_1.0.2/plugins/com.st.stm32cube.ide.mcu.externaltools.gnu-tools-for-stm32.7-2018-q2-update.linux64_1.0.0.201904181610/tools/bin/../lib/gcc/arm-none-eabi/7.3.1/../../../../arm-none-eabi/lib/thumb/v7-m/libc_nano.a(lib_a-nano-vfprintf.o)
 .debug_frame   0x0000000000002178       0x60 /opt/st/stm32cubeide_1.0.2/plugins/com.st.stm32cube.ide.mcu.externaltools.gnu-tools-for-stm32.7-2018-q2-update.linux64_1.0.0.201904181610/tools/bin/../lib/gcc/arm-none-eabi/7.3.1/../../../../arm-none-eabi/lib/thumb/v7-m/libc_nano.a(lib_a-nano-vfprintf_i.o)
 .debug_frame   0x00000000000021d8       0x48 /opt/st/stm32cubeide_1.0.2/plugins/com.st.stm32cube.ide.mcu.externaltools.gnu-tools-for-stm32.7-2018-q2-update.linux64_1.0.0.201904181610/tools/bin/../lib/gcc/arm-none-eabi/7.3.1/../../../../arm-none-eabi/lib/thumb/v7-m/libc_nano.a(lib_a-putc.o)
 .debug_frame   0x0000000000002220       0x2c /opt/st/stm32cubeide_1.0.2/plugins/com.st.stm32cube.ide.mcu.externaltools.gnu-tools-for-stm32.7-2018-q2-update.linux64_1.0.0.201904181610/tools/bin/../lib/gcc/arm-none-eabi/7.3.1/../../../../arm-none-eabi/lib/thumb/v7-m/libc_nano.a(lib_a-sbrkr.o)
 .debug_frame   0x000000000000224c       0x88 /opt/st/stm32cubeide_1.0.2/plugins/com.st.stm32cube.ide.mcu.externaltools.gnu-tools-for-stm32.7-2018-q2-update.linux64_1.0.0.201904181610/tools/bin/../lib/gcc/arm-none-eabi/7.3.1/../../../../arm-none-eabi/lib/thumb/v7-m/libc_nano.a(lib_a-stdio.o)
 .debug_frame   0x00000000000022d4       0x40 /opt/st/stm32cubeide_1.0.2/plugins/com.st.stm32cube.ide.mcu.externaltools.gnu-tools-for-stm32.7-2018-q2-update.linux64_1.0.0.201904181610/tools/bin/../lib/gcc/arm-none-eabi/7.3.1/../../../../arm-none-eabi/lib/thumb/v7-m/libc_nano.a(lib_a-wbuf.o)
 .debug_frame   0x0000000000002314       0x2c /opt/st/stm32cubeide_1.0.2/plugins/com.st.stm32cube.ide.mcu.externaltools.gnu-tools-for-stm32.7-2018-q2-update.linux64_1.0.0.201904181610/tools/bin/../lib/gcc/arm-none-eabi/7.3.1/../../../../arm-none-eabi/lib/thumb/v7-m/libc_nano.a(lib_a-writer.o)
 .debug_frame   0x0000000000002340       0x2c /opt/st/stm32cubeide_1.0.2/plugins/com.st.stm32cube.ide.mcu.externaltools.gnu-tools-for-stm32.7-2018-q2-update.linux64_1.0.0.201904181610/tools/bin/../lib/gcc/arm-none-eabi/7.3.1/../../../../arm-none-eabi/lib/thumb/v7-m/libc_nano.a(lib_a-wsetup.o)
 .debug_frame   0x000000000000236c       0x2c /opt/st/stm32cubeide_1.0.2/plugins/com.st.stm32cube.ide.mcu.externaltools.gnu-tools-for-stm32.7-2018-q2-update.linux64_1.0.0.201904181610/tools/bin/../lib/gcc/arm-none-eabi/7.3.1/../../../../arm-none-eabi/lib/thumb/v7-m/libc_nano.a(lib_a-closer.o)
 .debug_frame   0x0000000000002398       0x68 /opt/st/stm32cubeide_1.0.2/plugins/com.st.stm32cube.ide.mcu.externaltools.gnu-tools-for-stm32.7-2018-q2-update.linux64_1.0.0.201904181610/tools/bin/../lib/gcc/arm-none-eabi/7.3.1/../../../../arm-none-eabi/lib/thumb/v7-m/libc_nano.a(lib_a-fflush.o)
 .debug_frame   0x0000000000002400       0x2c /opt/st/stm32cubeide_1.0.2/plugins/com.st.stm32cube.ide.mcu.externaltools.gnu-tools-for-stm32.7-2018-q2-update.linux64_1.0.0.201904181610/tools/bin/../lib/gcc/arm-none-eabi/7.3.1/../../../../arm-none-eabi/lib/thumb/v7-m/libc_nano.a(lib_a-lseekr.o)
 .debug_frame   0x000000000000242c       0x58 /opt/st/stm32cubeide_1.0.2/plugins/com.st.stm32cube.ide.mcu.externaltools.gnu-tools-for-stm32.7-2018-q2-update.linux64_1.0.0.201904181610/tools/bin/../lib/gcc/arm-none-eabi/7.3.1/../../../../arm-none-eabi/lib/thumb/v7-m/libc_nano.a(lib_a-makebuf.o)
 .debug_frame   0x0000000000002484       0x28 /opt/st/stm32cubeide_1.0.2/plugins/com.st.stm32cube.ide.mcu.externaltools.gnu-tools-for-stm32.7-2018-q2-update.linux64_1.0.0.201904181610/tools/bin/../lib/gcc/arm-none-eabi/7.3.1/../../../../arm-none-eabi/lib/thumb/v7-m/libc_nano.a(lib_a-memchr-stub.o)
 .debug_frame   0x00000000000024ac       0x30 /opt/st/stm32cubeide_1.0.2/plugins/com.st.stm32cube.ide.mcu.externaltools.gnu-tools-for-stm32.7-2018-q2-update.linux64_1.0.0.201904181610/tools/bin/../lib/gcc/arm-none-eabi/7.3.1/../../../../arm-none-eabi/lib/thumb/v7-m/libc_nano.a(lib_a-mlock.o)
 .debug_frame   0x00000000000024dc       0x38 /opt/st/stm32cubeide_1.0.2/plugins/com.st.stm32cube.ide.mcu.externaltools.gnu-tools-for-stm32.7-2018-q2-update.linux64_1.0.0.201904181610/tools/bin/../lib/gcc/arm-none-eabi/7.3.1/../../../../arm-none-eabi/lib/thumb/v7-m/libc_nano.a(lib_a-nano-freer.o)
 .debug_frame   0x0000000000002514       0x2c /opt/st/stm32cubeide_1.0.2/plugins/com.st.stm32cube.ide.mcu.externaltools.gnu-tools-for-stm32.7-2018-q2-update.linux64_1.0.0.201904181610/tools/bin/../lib/gcc/arm-none-eabi/7.3.1/../../../../arm-none-eabi/lib/thumb/v7-m/libc_nano.a(lib_a-readr.o)
 .debug_frame   0x0000000000002540       0x5c /opt/st/stm32cubeide_1.0.2/plugins/com.st.stm32cube.ide.mcu.externaltools.gnu-tools-for-stm32.7-2018-q2-update.linux64_1.0.0.201904181610/tools/bin/../lib/gcc/arm-none-eabi/7.3.1/../../../../arm-none-eabi/lib/thumb/v7-m/libc_nano.a(lib_a-reent.o)
 .debug_frame   0x000000000000259c       0x2c /opt/st/stm32cubeide_1.0.2/plugins/com.st.stm32cube.ide.mcu.externaltools.gnu-tools-for-stm32.7-2018-q2-update.linux64_1.0.0.201904181610/tools/bin/../lib/gcc/arm-none-eabi/7.3.1/../../../../arm-none-eabi/lib/thumb/v7-m/libc_nano.a(lib_a-fstatr.o)
 .debug_frame   0x00000000000025c8       0x2c /opt/st/stm32cubeide_1.0.2/plugins/com.st.stm32cube.ide.mcu.externaltools.gnu-tools-for-stm32.7-2018-q2-update.linux64_1.0.0.201904181610/tools/bin/../lib/gcc/arm-none-eabi/7.3.1/../../../../arm-none-eabi/lib/thumb/v7-m/libc_nano.a(lib_a-isattyr.o)
