stm32l1xx_hal_adc.c:830:13:HAL_ADC_MspInit	0	static
stm32l1xx_hal_adc.c:432:19:HAL_ADC_Init	32	static,ignoring_inline_asm
stm32l1xx_hal_adc.c:845:13:HAL_ADC_MspDeInit	0	static
stm32l1xx_hal_adc.c:681:19:HAL_ADC_DeInit	16	static,ignoring_inline_asm
stm32l1xx_hal_adc.c:1091:19:HAL_ADC_Start	24	static
stm32l1xx_hal_adc.c:1166:19:HAL_ADC_Stop	16	static
stm32l1xx_hal_adc.c:1214:19:HAL_ADC_PollForConversion	16	static
stm32l1xx_hal_adc.c:1307:19:HAL_ADC_PollForEvent	24	static
stm32l1xx_hal_adc.c:1377:19:HAL_ADC_Start_IT	24	static
stm32l1xx_hal_adc.c:1453:19:HAL_ADC_Stop_IT	16	static
stm32l1xx_hal_adc.c:1499:19:HAL_ADC_Start_DMA	40	static
stm32l1xx_hal_adc.c:1599:19:HAL_ADC_Stop_DMA	16	static
stm32l1xx_hal_adc.c:1658:10:HAL_ADC_GetValue	0	static
stm32l1xx_hal_adc.c:1830:13:HAL_ADC_ConvCpltCallback	0	static
stm32l1xx_hal_adc.c:2277:13:ADC_DMAConvCplt	8	static
stm32l1xx_hal_adc.c:1845:13:HAL_ADC_ConvHalfCpltCallback	0	static
stm32l1xx_hal_adc.c:2333:13:ADC_DMAHalfConvCplt	8	static
stm32l1xx_hal_adc.c:1860:13:HAL_ADC_LevelOutOfWindowCallback	0	static
stm32l1xx_hal_adc.c:1882:13:HAL_ADC_ErrorCallback	0	static
stm32l1xx_hal_adc.c:2351:13:ADC_DMAError	8	static
stm32l1xx_hal_adc.c:1675:6:HAL_ADC_IRQHandler	16	static
stm32l1xx_hal_adc.c:1931:19:HAL_ADC_ConfigChannel	24	static,ignoring_inline_asm
stm32l1xx_hal_adc.c:2056:19:HAL_ADC_AnalogWDGConfig	12	static
stm32l1xx_hal_adc.c:2143:10:HAL_ADC_GetState	0	static
stm32l1xx_hal_adc.c:2154:10:HAL_ADC_GetError	0	static
stm32l1xx_hal_adc.c:2184:19:ADC_Enable	24	static
stm32l1xx_hal_adc.c:2239:19:ADC_ConversionStop_Disable	16	static
