stm32l1xx_hal.c:196:13:HAL_MspInit	0	static
stm32l1xx_hal.c:207:13:HAL_MspDeInit	0	static
stm32l1xx_hal.c:173:19:HAL_DeInit	8	static
stm32l1xx_hal.c:230:26:HAL_InitTick	16	static
stm32l1xx_hal.c:140:19:HAL_Init	16	static
stm32l1xx_hal.c:298:13:HAL_IncTick	0	static
stm32l1xx_hal.c:309:17:HAL_GetTick	0	static
stm32l1xx_hal.c:318:10:HAL_GetTickPrio	0	static
stm32l1xx_hal.c:328:19:HAL_SetTickFreq	16	static
stm32l1xx_hal.c:350:10:HAL_GetTickFreq	0	static
stm32l1xx_hal.c:366:13:HAL_Delay	16	static
stm32l1xx_hal.c:392:13:HAL_SuspendTick	0	static
stm32l1xx_hal.c:408:13:HAL_ResumeTick	0	static
stm32l1xx_hal.c:418:10:HAL_GetHalVersion	0	static
stm32l1xx_hal.c:427:10:HAL_GetREVID	0	static
stm32l1xx_hal.c:436:10:HAL_GetDEVID	0	static
stm32l1xx_hal.c:445:10:HAL_GetUIDw0	0	static
stm32l1xx_hal.c:454:10:HAL_GetUIDw1	0	static
stm32l1xx_hal.c:463:10:HAL_GetUIDw2	0	static
stm32l1xx_hal.c:492:6:HAL_DBGMCU_EnableDBGSleepMode	0	static
stm32l1xx_hal.c:501:6:HAL_DBGMCU_DisableDBGSleepMode	0	static
stm32l1xx_hal.c:510:6:HAL_DBGMCU_EnableDBGStopMode	0	static
stm32l1xx_hal.c:519:6:HAL_DBGMCU_DisableDBGStopMode	0	static
stm32l1xx_hal.c:528:6:HAL_DBGMCU_EnableDBGStandbyMode	0	static
stm32l1xx_hal.c:537:6:HAL_DBGMCU_DisableDBGStandbyMode	0	static
